[0.006s][info][gc,init] CardTable entry size: 512
[0.006s][info][gc     ] Using G1
[0.007s][info][gc,init] Version: 21.0.5+9-LTS-239 (release)
[0.008s][info][gc,init] CPUs: 8 total, 8 available
[0.008s][info][gc,init] Memory: 16106M
[0.008s][info][gc,init] Large Page Support: Disabled
[0.008s][info][gc,init] NUMA Support: Disabled
[0.008s][info][gc,init] Compressed Oops: Enabled (Zero based)
[0.008s][info][gc,init] Heap Region Size: 2M
[0.008s][info][gc,init] Heap Min Capacity: 8M
[0.008s][info][gc,init] Heap Initial Capacity: 252M
[0.008s][info][gc,init] Heap Max Capacity: 4028M
[0.008s][info][gc,init] Pre-touch: Disabled
[0.008s][info][gc,init] Parallel Workers: 8
[0.008s][info][gc,init] Concurrent Workers: 2
[0.008s][info][gc,init] Concurrent Refinement Workers: 8
[0.009s][info][gc,init] Periodic GC: Disabled
[0.016s][info][gc,metaspace] CDS archive(s) mapped at: [0x0000017591000000-0x0000017591c90000-0x0000017591c90000), size 13172736, SharedBaseAddress: 0x0000017591000000, ArchiveRelocationMode: 1.
[0.016s][info][gc,metaspace] Compressed class space mapped at: 0x0000017592000000-0x00000175d2000000, reserved size: 1073741824
[0.016s][info][gc,metaspace] Narrow klass base: 0x0000017591000000, Narrow klass shift: 0, Narrow klass range: 0x100000000
[0.427s][info][gc,start    ] GC(0) Pause Young (Normal) (G1 Evacuation Pause)
[0.428s][info][gc,task     ] GC(0) Using 6 workers of 8 for evacuation
[0.430s][info][gc,phases   ] GC(0)   Pre Evacuate Collection Set: 0.1ms
[0.430s][info][gc,phases   ] GC(0)   Merge Heap Roots: 0.1ms
[0.430s][info][gc,phases   ] GC(0)   Evacuate Collection Set: 2.2ms
[0.430s][info][gc,phases   ] GC(0)   Post Evacuate Collection Set: 0.4ms
[0.430s][info][gc,phases   ] GC(0)   Other: 0.3ms
[0.431s][info][gc,heap     ] GC(0) Eden regions: 11->0(19)
[0.431s][info][gc,heap     ] GC(0) Survivor regions: 0->2(2)
[0.431s][info][gc,heap     ] GC(0) Old regions: 0->0
[0.431s][info][gc,heap     ] GC(0) Humongous regions: 0->0
[0.431s][info][gc,metaspace] GC(0) Metaspace: 3600K(3904K)->3600K(3904K) NonClass: 3230K(3392K)->3230K(3392K) Class: 370K(512K)->370K(512K)
[0.431s][info][gc          ] GC(0) Pause Young (Normal) (G1 Evacuation Pause) 22M->2M(252M) 3.526ms
[0.431s][info][gc,cpu      ] GC(0) User=0.00s Sys=0.00s Real=0.00s
[0.875s][info][gc,start    ] GC(1) Pause Young (Normal) (G1 Evacuation Pause)
[0.875s][info][gc,task     ] GC(1) Using 6 workers of 8 for evacuation
[0.879s][info][gc,phases   ] GC(1)   Pre Evacuate Collection Set: 0.2ms
[0.879s][info][gc,phases   ] GC(1)   Merge Heap Roots: 0.1ms
[0.879s][info][gc,phases   ] GC(1)   Evacuate Collection Set: 3.1ms
[0.879s][info][gc,phases   ] GC(1)   Post Evacuate Collection Set: 0.8ms
[0.879s][info][gc,phases   ] GC(1)   Other: 0.1ms
[0.879s][info][gc,heap     ] GC(1) Eden regions: 19->0(72)
[0.879s][info][gc,heap     ] GC(1) Survivor regions: 2->3(3)
[0.879s][info][gc,heap     ] GC(1) Old regions: 0->0
[0.879s][info][gc,heap     ] GC(1) Humongous regions: 0->0
[0.879s][info][gc,metaspace] GC(1) Metaspace: 8247K(8640K)->8247K(8640K) NonClass: 7255K(7488K)->7255K(7488K) Class: 991K(1152K)->991K(1152K)
[0.879s][info][gc          ] GC(1) Pause Young (Normal) (G1 Evacuation Pause) 40M->4M(252M) 4.464ms
[0.879s][info][gc,cpu      ] GC(1) User=0.00s Sys=0.00s Real=0.00s
[1.883s][info][gc,start    ] GC(2) Pause Young (Concurrent Start) (Metadata GC Threshold)
[1.883s][info][gc,task     ] GC(2) Using 6 workers of 8 for evacuation
[1.892s][info][gc,phases   ] GC(2)   Pre Evacuate Collection Set: 0.2ms
[1.892s][info][gc,phases   ] GC(2)   Merge Heap Roots: 0.0ms
[1.892s][info][gc,phases   ] GC(2)   Evacuate Collection Set: 6.5ms
[1.892s][info][gc,phases   ] GC(2)   Post Evacuate Collection Set: 1.3ms
[1.892s][info][gc,phases   ] GC(2)   Other: 0.5ms
[1.892s][info][gc,heap     ] GC(2) Eden regions: 60->0(70)
[1.892s][info][gc,heap     ] GC(2) Survivor regions: 3->5(10)
[1.892s][info][gc,heap     ] GC(2) Old regions: 0->0
[1.892s][info][gc,heap     ] GC(2) Humongous regions: 0->0
[1.892s][info][gc,metaspace] GC(2) Metaspace: 21099K(21504K)->21099K(21504K) NonClass: 18509K(18752K)->18509K(18752K) Class: 2589K(2752K)->2589K(2752K)
[1.892s][info][gc          ] GC(2) Pause Young (Concurrent Start) (Metadata GC Threshold) 123M->8M(252M) 8.785ms
[1.892s][info][gc,cpu      ] GC(2) User=0.02s Sys=0.00s Real=0.01s
[1.892s][info][gc          ] GC(3) Concurrent Mark Cycle
[1.892s][info][gc,marking  ] GC(3) Concurrent Scan Root Regions
[1.896s][info][gc,marking  ] GC(3) Concurrent Scan Root Regions 3.828ms
[1.896s][info][gc,marking  ] GC(3) Concurrent Mark
[1.896s][info][gc,marking  ] GC(3) Concurrent Mark From Roots
[1.896s][info][gc,task     ] GC(3) Using 2 workers of 2 for marking
[1.896s][info][gc,marking  ] GC(3) Concurrent Mark From Roots 0.171ms
[1.896s][info][gc,marking  ] GC(3) Concurrent Preclean
[1.896s][info][gc,marking  ] GC(3) Concurrent Preclean 0.012ms
[1.896s][info][gc,start    ] GC(3) Pause Remark
[1.898s][info][gc          ] GC(3) Pause Remark 11M->11M(48M) 1.622ms
[1.898s][info][gc,cpu      ] GC(3) User=0.00s Sys=0.00s Real=0.00s
[1.898s][info][gc,marking  ] GC(3) Concurrent Mark 2.003ms
[1.898s][info][gc,marking  ] GC(3) Concurrent Rebuild Remembered Sets and Scrub Regions
[1.898s][info][gc,marking  ] GC(3) Concurrent Rebuild Remembered Sets and Scrub Regions 0.051ms
[1.902s][info][gc,start    ] GC(3) Pause Cleanup
[1.902s][info][gc          ] GC(3) Pause Cleanup 11M->11M(48M) 0.047ms
[1.902s][info][gc,cpu      ] GC(3) User=0.00s Sys=0.00s Real=0.00s
[1.902s][info][gc,marking  ] GC(3) Concurrent Clear Claimed Marks
[1.902s][info][gc,marking  ] GC(3) Concurrent Clear Claimed Marks 0.048ms
[1.903s][info][gc,marking  ] GC(3) Concurrent Cleanup for Next Mark
[1.903s][info][gc,marking  ] GC(3) Concurrent Cleanup for Next Mark 0.368ms
[1.903s][info][gc          ] GC(3) Concurrent Mark Cycle 10.733ms
[2.239s][info][gc,start    ] GC(4) Pause Young (Normal) (G1 Evacuation Pause)
[2.239s][info][gc,task     ] GC(4) Using 4 workers of 8 for evacuation
[2.250s][info][gc,phases   ] GC(4)   Pre Evacuate Collection Set: 0.1ms
[2.250s][info][gc,phases   ] GC(4)   Merge Heap Roots: 0.0ms
[2.250s][info][gc,phases   ] GC(4)   Evacuate Collection Set: 9.6ms
[2.250s][info][gc,phases   ] GC(4)   Post Evacuate Collection Set: 1.1ms
[2.250s][info][gc,phases   ] GC(4)   Other: 0.0ms
[2.250s][info][gc,heap     ] GC(4) Eden regions: 19->0(12)
[2.250s][info][gc,heap     ] GC(4) Survivor regions: 5->6(10)
[2.250s][info][gc,heap     ] GC(4) Old regions: 0->0
[2.250s][info][gc,heap     ] GC(4) Humongous regions: 0->0
[2.250s][info][gc,metaspace] GC(4) Metaspace: 25266K(25728K)->25266K(25728K) NonClass: 22098K(22336K)->22098K(22336K) Class: 3167K(3392K)->3167K(3392K)
[2.250s][info][gc          ] GC(4) Pause Young (Normal) (G1 Evacuation Pause) 46M->10M(60M) 11.011ms
[2.250s][info][gc,cpu      ] GC(4) User=0.02s Sys=0.00s Real=0.01s
[2.415s][info][gc,start    ] GC(5) Pause Young (Normal) (G1 Evacuation Pause)
[2.415s][info][gc,task     ] GC(5) Using 3 workers of 8 for evacuation
[2.425s][info][gc,phases   ] GC(5)   Pre Evacuate Collection Set: 0.1ms
[2.425s][info][gc,phases   ] GC(5)   Merge Heap Roots: 0.0ms
[2.425s][info][gc,phases   ] GC(5)   Evacuate Collection Set: 8.3ms
[2.425s][info][gc,phases   ] GC(5)   Post Evacuate Collection Set: 0.9ms
[2.425s][info][gc,phases   ] GC(5)   Other: 0.1ms
[2.425s][info][gc,heap     ] GC(5) Eden regions: 12->0(16)
[2.425s][info][gc,heap     ] GC(5) Survivor regions: 6->2(3)
[2.425s][info][gc,heap     ] GC(5) Old regions: 0->4
[2.425s][info][gc,heap     ] GC(5) Humongous regions: 0->0
[2.425s][info][gc,metaspace] GC(5) Metaspace: 27260K(27712K)->27260K(27712K) NonClass: 23765K(24000K)->23765K(24000K) Class: 3495K(3712K)->3495K(3712K)
[2.425s][info][gc          ] GC(5) Pause Young (Normal) (G1 Evacuation Pause) 34M->10M(60M) 9.625ms
[2.425s][info][gc,cpu      ] GC(5) User=0.00s Sys=0.00s Real=0.01s
[41.649s][info][gc,start    ] GC(6) Pause Young (Normal) (G1 Evacuation Pause)
[41.649s][info][gc,task     ] GC(6) Using 4 workers of 8 for evacuation
[41.655s][info][gc,phases   ] GC(6)   Pre Evacuate Collection Set: 0.3ms
[41.655s][info][gc,phases   ] GC(6)   Merge Heap Roots: 0.1ms
[41.655s][info][gc,phases   ] GC(6)   Evacuate Collection Set: 4.5ms
[41.655s][info][gc,phases   ] GC(6)   Post Evacuate Collection Set: 0.7ms
[41.655s][info][gc,phases   ] GC(6)   Other: 0.1ms
[41.655s][info][gc,heap     ] GC(6) Eden regions: 16->0(15)
[41.655s][info][gc,heap     ] GC(6) Survivor regions: 2->3(3)
[41.655s][info][gc,heap     ] GC(6) Old regions: 4->4
[41.655s][info][gc,heap     ] GC(6) Humongous regions: 0->0
[41.655s][info][gc,metaspace] GC(6) Metaspace: 32940K(33536K)->32940K(33536K) NonClass: 28712K(29056K)->28712K(29056K) Class: 4228K(4480K)->4228K(4480K)
[41.655s][info][gc          ] GC(6) Pause Young (Normal) (G1 Evacuation Pause) 42M->13M(60M) 6.102ms
[41.655s][info][gc,cpu      ] GC(6) User=0.00s Sys=0.00s Real=0.01s
[42.145s][info][gc,start    ] GC(7) Pause Young (Concurrent Start) (Metadata GC Threshold)
[42.145s][info][gc,task     ] GC(7) Using 4 workers of 8 for evacuation
[42.150s][info][gc,phases   ] GC(7)   Pre Evacuate Collection Set: 0.1ms
[42.150s][info][gc,phases   ] GC(7)   Merge Heap Roots: 0.0ms
[42.150s][info][gc,phases   ] GC(7)   Evacuate Collection Set: 4.1ms
[42.150s][info][gc,phases   ] GC(7)   Post Evacuate Collection Set: 0.4ms
[42.150s][info][gc,phases   ] GC(7)   Other: 0.1ms
[42.150s][info][gc,heap     ] GC(7) Eden regions: 8->0(16)
[42.150s][info][gc,heap     ] GC(7) Survivor regions: 3->2(3)
[42.150s][info][gc,heap     ] GC(7) Old regions: 4->6
[42.150s][info][gc,heap     ] GC(7) Humongous regions: 0->0
[42.150s][info][gc,metaspace] GC(7) Metaspace: 35391K(35968K)->35391K(35968K) NonClass: 30923K(31232K)->30923K(31232K) Class: 4468K(4736K)->4468K(4736K)
[42.150s][info][gc          ] GC(7) Pause Young (Concurrent Start) (Metadata GC Threshold) 27M->14M(60M) 4.997ms
[42.150s][info][gc,cpu      ] GC(7) User=0.00s Sys=0.00s Real=0.01s
[42.150s][info][gc          ] GC(8) Concurrent Mark Cycle
[42.150s][info][gc,marking  ] GC(8) Concurrent Scan Root Regions
[42.154s][info][gc,marking  ] GC(8) Concurrent Scan Root Regions 3.970ms
[42.154s][info][gc,marking  ] GC(8) Concurrent Mark
[42.154s][info][gc,marking  ] GC(8) Concurrent Mark From Roots
[42.154s][info][gc,task     ] GC(8) Using 2 workers of 2 for marking
[42.167s][info][gc,marking  ] GC(8) Concurrent Mark From Roots 13.081ms
[42.167s][info][gc,marking  ] GC(8) Concurrent Preclean
[42.167s][info][gc,marking  ] GC(8) Concurrent Preclean 0.137ms
[42.168s][info][gc,start    ] GC(8) Pause Remark
[42.173s][info][gc          ] GC(8) Pause Remark 14M->14M(60M) 5.503ms
[42.173s][info][gc,cpu      ] GC(8) User=0.00s Sys=0.00s Real=0.01s
[42.173s][info][gc,marking  ] GC(8) Concurrent Mark 19.204ms
[42.173s][info][gc,marking  ] GC(8) Concurrent Rebuild Remembered Sets and Scrub Regions
[42.179s][info][gc,marking  ] GC(8) Concurrent Rebuild Remembered Sets and Scrub Regions 5.635ms
[42.179s][info][gc,start    ] GC(8) Pause Cleanup
[42.179s][info][gc          ] GC(8) Pause Cleanup 14M->14M(60M) 0.081ms
[42.179s][info][gc,cpu      ] GC(8) User=0.00s Sys=0.00s Real=0.00s
[42.179s][info][gc,marking  ] GC(8) Concurrent Clear Claimed Marks
[42.179s][info][gc,marking  ] GC(8) Concurrent Clear Claimed Marks 0.064ms
[42.179s][info][gc,marking  ] GC(8) Concurrent Cleanup for Next Mark
[42.180s][info][gc,marking  ] GC(8) Concurrent Cleanup for Next Mark 0.214ms
[42.180s][info][gc          ] GC(8) Concurrent Mark Cycle 29.643ms
[76.135s][info][gc,start    ] GC(9) Pause Young (Prepare Mixed) (G1 Evacuation Pause)
[76.135s][info][gc,task     ] GC(9) Using 4 workers of 8 for evacuation
[76.143s][info][gc,phases   ] GC(9)   Pre Evacuate Collection Set: 0.1ms
[76.143s][info][gc,phases   ] GC(9)   Merge Heap Roots: 0.1ms
[76.143s][info][gc,phases   ] GC(9)   Evacuate Collection Set: 7.0ms
[76.143s][info][gc,phases   ] GC(9)   Post Evacuate Collection Set: 0.6ms
[76.143s][info][gc,phases   ] GC(9)   Other: 0.1ms
[76.143s][info][gc,heap     ] GC(9) Eden regions: 16->0(16)
[76.143s][info][gc,heap     ] GC(9) Survivor regions: 2->2(3)
[76.143s][info][gc,heap     ] GC(9) Old regions: 6->8
[76.143s][info][gc,heap     ] GC(9) Humongous regions: 0->0
[76.143s][info][gc,metaspace] GC(9) Metaspace: 40051K(40768K)->40051K(40768K) NonClass: 34827K(35200K)->34827K(35200K) Class: 5224K(5568K)->5224K(5568K)
[76.143s][info][gc          ] GC(9) Pause Young (Prepare Mixed) (G1 Evacuation Pause) 46M->16M(60M) 8.077ms
[76.143s][info][gc,cpu      ] GC(9) User=0.00s Sys=0.00s Real=0.01s
[76.859s][info][gc,start    ] GC(10) Pause Young (Mixed) (G1 Evacuation Pause)
[76.859s][info][gc,task     ] GC(10) Using 4 workers of 8 for evacuation
[76.867s][info][gc,phases   ] GC(10)   Pre Evacuate Collection Set: 0.1ms
[76.867s][info][gc,phases   ] GC(10)   Merge Heap Roots: 0.0ms
[76.867s][info][gc,phases   ] GC(10)   Evacuate Collection Set: 7.0ms
[76.867s][info][gc,phases   ] GC(10)   Post Evacuate Collection Set: 0.8ms
[76.867s][info][gc,phases   ] GC(10)   Other: 0.1ms
[76.867s][info][gc,heap     ] GC(10) Eden regions: 15->0(11)
[76.867s][info][gc,heap     ] GC(10) Survivor regions: 2->3(3)
[76.867s][info][gc,heap     ] GC(10) Old regions: 8->7
[76.867s][info][gc,heap     ] GC(10) Humongous regions: 24->24
[76.867s][info][gc,metaspace] GC(10) Metaspace: 46623K(47360K)->46623K(47360K) NonClass: 40563K(40960K)->40563K(40960K) Class: 6060K(6400K)->6060K(6400K)
[76.868s][info][gc          ] GC(10) Pause Young (Mixed) (G1 Evacuation Pause) 94M->67M(104M) 8.311ms
[76.868s][info][gc,cpu      ] GC(10) User=0.08s Sys=0.00s Real=0.01s
[77.268s][info][gc,start    ] GC(11) Pause Young (Concurrent Start) (G1 Evacuation Pause)
[77.268s][info][gc,task     ] GC(11) Using 4 workers of 8 for evacuation
[77.276s][info][gc,phases   ] GC(11)   Pre Evacuate Collection Set: 0.1ms
[77.276s][info][gc,phases   ] GC(11)   Merge Heap Roots: 0.1ms
[77.276s][info][gc,phases   ] GC(11)   Evacuate Collection Set: 7.0ms
[77.276s][info][gc,phases   ] GC(11)   Post Evacuate Collection Set: 0.4ms
[77.276s][info][gc,phases   ] GC(11)   Other: 0.1ms
[77.276s][info][gc,heap     ] GC(11) Eden regions: 11->0(12)
[77.276s][info][gc,heap     ] GC(11) Survivor regions: 3->1(2)
[77.276s][info][gc,heap     ] GC(11) Old regions: 7->10
[77.276s][info][gc,heap     ] GC(11) Humongous regions: 24->24
[77.276s][info][gc,metaspace] GC(11) Metaspace: 49700K(50496K)->49700K(50496K) NonClass: 43181K(43648K)->43181K(43648K) Class: 6519K(6848K)->6519K(6848K)
[77.276s][info][gc          ] GC(11) Pause Young (Concurrent Start) (G1 Evacuation Pause) 89M->68M(104M) 8.001ms
[77.276s][info][gc          ] GC(12) Concurrent Mark Cycle
[77.276s][info][gc,cpu      ] GC(11) User=0.00s Sys=0.00s Real=0.01s
[77.276s][info][gc,marking  ] GC(12) Concurrent Scan Root Regions
[77.279s][info][gc,marking  ] GC(12) Concurrent Scan Root Regions 2.957ms
[77.279s][info][gc,marking  ] GC(12) Concurrent Mark
[77.279s][info][gc,marking  ] GC(12) Concurrent Mark From Roots
[77.279s][info][gc,task     ] GC(12) Using 2 workers of 2 for marking
[77.306s][info][gc,marking  ] GC(12) Concurrent Mark From Roots 26.671ms
[77.306s][info][gc,marking  ] GC(12) Concurrent Preclean
[77.306s][info][gc,marking  ] GC(12) Concurrent Preclean 0.173ms
[77.306s][info][gc,start    ] GC(12) Pause Remark
[77.320s][info][gc          ] GC(12) Pause Remark 71M->71M(124M) 13.518ms
[77.320s][info][gc,cpu      ] GC(12) User=0.00s Sys=0.00s Real=0.01s
[77.320s][info][gc,marking  ] GC(12) Concurrent Mark 41.265ms
[77.320s][info][gc,marking  ] GC(12) Concurrent Rebuild Remembered Sets and Scrub Regions
[77.332s][info][gc,marking  ] GC(12) Concurrent Rebuild Remembered Sets and Scrub Regions 11.875ms
[77.333s][info][gc,start    ] GC(12) Pause Cleanup
[77.333s][info][gc          ] GC(12) Pause Cleanup 71M->71M(124M) 0.107ms
[77.333s][info][gc,cpu      ] GC(12) User=0.00s Sys=0.00s Real=0.00s
[77.333s][info][gc,marking  ] GC(12) Concurrent Clear Claimed Marks
[77.333s][info][gc,marking  ] GC(12) Concurrent Clear Claimed Marks 0.083ms
[77.333s][info][gc,marking  ] GC(12) Concurrent Cleanup for Next Mark
[77.334s][info][gc,marking  ] GC(12) Concurrent Cleanup for Next Mark 0.734ms
[77.334s][info][gc          ] GC(12) Concurrent Mark Cycle 57.601ms
[77.822s][info][gc,start    ] GC(13) Pause Young (Prepare Mixed) (G1 Evacuation Pause)
[77.822s][info][gc,task     ] GC(13) Using 4 workers of 8 for evacuation
[77.829s][info][gc,phases   ] GC(13)   Pre Evacuate Collection Set: 0.1ms
[77.829s][info][gc,phases   ] GC(13)   Merge Heap Roots: 0.1ms
[77.829s][info][gc,phases   ] GC(13)   Evacuate Collection Set: 6.6ms
[77.829s][info][gc,phases   ] GC(13)   Post Evacuate Collection Set: 0.4ms
[77.829s][info][gc,phases   ] GC(13)   Other: 0.1ms
[77.829s][info][gc,heap     ] GC(13) Eden regions: 12->0(20)
[77.829s][info][gc,heap     ] GC(13) Survivor regions: 1->2(2)
[77.829s][info][gc,heap     ] GC(13) Old regions: 10->10
[77.829s][info][gc,heap     ] GC(13) Humongous regions: 24->24
[77.829s][info][gc,metaspace] GC(13) Metaspace: 51390K(52416K)->51390K(52416K) NonClass: 44677K(45248K)->44677K(45248K) Class: 6713K(7168K)->6713K(7168K)
[77.829s][info][gc          ] GC(13) Pause Young (Prepare Mixed) (G1 Evacuation Pause) 92M->71M(124M) 7.532ms
[77.829s][info][gc,cpu      ] GC(13) User=0.00s Sys=0.00s Real=0.01s
[80.090s][info][gc,start    ] GC(14) Pause Young (Mixed) (G1 Evacuation Pause)
[80.090s][info][gc,task     ] GC(14) Using 4 workers of 8 for evacuation
[80.099s][info][gc,phases   ] GC(14)   Pre Evacuate Collection Set: 0.2ms
[80.099s][info][gc,phases   ] GC(14)   Merge Heap Roots: 0.1ms
[80.099s][info][gc,phases   ] GC(14)   Evacuate Collection Set: 8.2ms
[80.099s][info][gc,phases   ] GC(14)   Post Evacuate Collection Set: 0.6ms
[80.099s][info][gc,phases   ] GC(14)   Other: 0.1ms
[80.099s][info][gc,heap     ] GC(14) Eden regions: 20->0(32)
[80.099s][info][gc,heap     ] GC(14) Survivor regions: 2->2(3)
[80.099s][info][gc,heap     ] GC(14) Old regions: 10->10
[80.099s][info][gc,heap     ] GC(14) Humongous regions: 24->24
[80.099s][info][gc,metaspace] GC(14) Metaspace: 53114K(54144K)->53114K(54144K) NonClass: 46393K(46976K)->46393K(46976K) Class: 6720K(7168K)->6720K(7168K)
[80.099s][info][gc          ] GC(14) Pause Young (Mixed) (G1 Evacuation Pause) 111M->70M(154M) 9.483ms
[80.099s][info][gc,cpu      ] GC(14) User=0.03s Sys=0.00s Real=0.01s
[82.387s][info][gc,start    ] GC(15) Pause Young (Normal) (G1 Evacuation Pause)
[82.387s][info][gc,task     ] GC(15) Using 4 workers of 8 for evacuation
[82.393s][info][gc,phases   ] GC(15)   Pre Evacuate Collection Set: 0.1ms
[82.393s][info][gc,phases   ] GC(15)   Merge Heap Roots: 0.1ms
[82.393s][info][gc,phases   ] GC(15)   Evacuate Collection Set: 4.7ms
[82.393s][info][gc,phases   ] GC(15)   Post Evacuate Collection Set: 0.6ms
[82.393s][info][gc,phases   ] GC(15)   Other: 0.1ms
[82.393s][info][gc,heap     ] GC(15) Eden regions: 32->0(34)
[82.393s][info][gc,heap     ] GC(15) Survivor regions: 2->2(5)
[82.393s][info][gc,heap     ] GC(15) Old regions: 10->10
[82.393s][info][gc,heap     ] GC(15) Humongous regions: 24->24
[82.393s][info][gc,metaspace] GC(15) Metaspace: 53532K(54528K)->53532K(54528K) NonClass: 46811K(47360K)->46811K(47360K) Class: 6720K(7168K)->6720K(7168K)
[82.393s][info][gc          ] GC(15) Pause Young (Normal) (G1 Evacuation Pause) 134M->71M(154M) 5.759ms
[82.393s][info][gc,cpu      ] GC(15) User=0.02s Sys=0.00s Real=0.01s
[84.284s][info][gc,start    ] GC(16) Pause Young (Normal) (G1 Evacuation Pause)
[84.284s][info][gc,task     ] GC(16) Using 4 workers of 8 for evacuation
[84.290s][info][gc,phases   ] GC(16)   Pre Evacuate Collection Set: 0.1ms
[84.290s][info][gc,phases   ] GC(16)   Merge Heap Roots: 0.1ms
[84.290s][info][gc,phases   ] GC(16)   Evacuate Collection Set: 4.6ms
[84.290s][info][gc,phases   ] GC(16)   Post Evacuate Collection Set: 0.4ms
[84.290s][info][gc,phases   ] GC(16)   Other: 0.1ms
[84.290s][info][gc,heap     ] GC(16) Eden regions: 34->0(32)
[84.290s][info][gc,heap     ] GC(16) Survivor regions: 2->3(5)
[84.290s][info][gc,heap     ] GC(16) Old regions: 10->10
[84.290s][info][gc,heap     ] GC(16) Humongous regions: 24->24
[84.290s][info][gc,metaspace] GC(16) Metaspace: 53587K(54592K)->53587K(54592K) NonClass: 46864K(47424K)->46864K(47424K) Class: 6722K(7168K)->6722K(7168K)
[84.290s][info][gc          ] GC(16) Pause Young (Normal) (G1 Evacuation Pause) 139M->71M(154M) 5.647ms
[84.290s][info][gc,cpu      ] GC(16) User=0.00s Sys=0.00s Real=0.00s
[85.768s][info][gc,start    ] GC(17) Pause Young (Normal) (G1 Evacuation Pause)
[85.768s][info][gc,task     ] GC(17) Using 4 workers of 8 for evacuation
[85.774s][info][gc,phases   ] GC(17)   Pre Evacuate Collection Set: 0.1ms
[85.774s][info][gc,phases   ] GC(17)   Merge Heap Roots: 0.0ms
[85.774s][info][gc,phases   ] GC(17)   Evacuate Collection Set: 4.9ms
[85.774s][info][gc,phases   ] GC(17)   Post Evacuate Collection Set: 0.6ms
[85.774s][info][gc,phases   ] GC(17)   Other: 0.1ms
[85.774s][info][gc,heap     ] GC(17) Eden regions: 32->0(32)
[85.774s][info][gc,heap     ] GC(17) Survivor regions: 3->3(5)
[85.774s][info][gc,heap     ] GC(17) Old regions: 10->10
[85.774s][info][gc,heap     ] GC(17) Humongous regions: 24->24
[85.774s][info][gc,metaspace] GC(17) Metaspace: 53652K(54656K)->53652K(54656K) NonClass: 46928K(47488K)->46928K(47488K) Class: 6723K(7168K)->6723K(7168K)
[85.774s][info][gc          ] GC(17) Pause Young (Normal) (G1 Evacuation Pause) 135M->71M(154M) 5.957ms
[85.774s][info][gc,cpu      ] GC(17) User=0.02s Sys=0.00s Real=0.01s
[87.051s][info][gc,start    ] GC(18) Pause Young (Normal) (G1 Evacuation Pause)
[87.052s][info][gc,task     ] GC(18) Using 4 workers of 8 for evacuation
[87.058s][info][gc,phases   ] GC(18)   Pre Evacuate Collection Set: 0.1ms
[87.058s][info][gc,phases   ] GC(18)   Merge Heap Roots: 0.1ms
[87.058s][info][gc,phases   ] GC(18)   Evacuate Collection Set: 5.8ms
[87.058s][info][gc,phases   ] GC(18)   Post Evacuate Collection Set: 0.4ms
[87.058s][info][gc,phases   ] GC(18)   Other: 0.1ms
[87.058s][info][gc,heap     ] GC(18) Eden regions: 32->0(32)
[87.058s][info][gc,heap     ] GC(18) Survivor regions: 3->3(5)
[87.058s][info][gc,heap     ] GC(18) Old regions: 10->10
[87.058s][info][gc,heap     ] GC(18) Humongous regions: 24->24
[87.058s][info][gc,metaspace] GC(18) Metaspace: 53666K(54720K)->53666K(54720K) NonClass: 46941K(47552K)->46941K(47552K) Class: 6724K(7168K)->6724K(7168K)
[87.058s][info][gc          ] GC(18) Pause Young (Normal) (G1 Evacuation Pause) 135M->72M(154M) 6.886ms
[87.058s][info][gc,cpu      ] GC(18) User=0.00s Sys=0.00s Real=0.01s
[88.227s][info][gc,start    ] GC(19) Pause Young (Normal) (G1 Evacuation Pause)
[88.227s][info][gc,task     ] GC(19) Using 4 workers of 8 for evacuation
[88.233s][info][gc,phases   ] GC(19)   Pre Evacuate Collection Set: 0.1ms
[88.233s][info][gc,phases   ] GC(19)   Merge Heap Roots: 0.1ms
[88.233s][info][gc,phases   ] GC(19)   Evacuate Collection Set: 4.8ms
[88.233s][info][gc,phases   ] GC(19)   Post Evacuate Collection Set: 0.5ms
[88.233s][info][gc,phases   ] GC(19)   Other: 0.1ms
[88.233s][info][gc,heap     ] GC(19) Eden regions: 32->0(32)
[88.233s][info][gc,heap     ] GC(19) Survivor regions: 3->3(5)
[88.233s][info][gc,heap     ] GC(19) Old regions: 10->10
[88.233s][info][gc,heap     ] GC(19) Humongous regions: 24->24
[88.233s][info][gc,metaspace] GC(19) Metaspace: 53687K(54720K)->53687K(54720K) NonClass: 46962K(47552K)->46962K(47552K) Class: 6724K(7168K)->6724K(7168K)
[88.233s][info][gc          ] GC(19) Pause Young (Normal) (G1 Evacuation Pause) 136M->72M(154M) 5.769ms
[88.233s][info][gc,cpu      ] GC(19) User=0.00s Sys=0.00s Real=0.01s
[89.331s][info][gc,start    ] GC(20) Pause Young (Normal) (G1 Evacuation Pause)
[89.331s][info][gc,task     ] GC(20) Using 4 workers of 8 for evacuation
[89.336s][info][gc,phases   ] GC(20)   Pre Evacuate Collection Set: 0.1ms
[89.337s][info][gc,phases   ] GC(20)   Merge Heap Roots: 0.1ms
[89.337s][info][gc,phases   ] GC(20)   Evacuate Collection Set: 5.1ms
[89.337s][info][gc,phases   ] GC(20)   Post Evacuate Collection Set: 0.4ms
[89.337s][info][gc,phases   ] GC(20)   Other: 0.1ms
[89.337s][info][gc,heap     ] GC(20) Eden regions: 32->0(32)
[89.337s][info][gc,heap     ] GC(20) Survivor regions: 3->3(5)
[89.337s][info][gc,heap     ] GC(20) Old regions: 10->10
[89.337s][info][gc,heap     ] GC(20) Humongous regions: 24->24
[89.337s][info][gc,metaspace] GC(20) Metaspace: 53707K(54720K)->53707K(54720K) NonClass: 46982K(47552K)->46982K(47552K) Class: 6724K(7168K)->6724K(7168K)
[89.337s][info][gc          ] GC(20) Pause Young (Normal) (G1 Evacuation Pause) 136M->71M(154M) 6.087ms
[89.337s][info][gc,cpu      ] GC(20) User=0.00s Sys=0.00s Real=0.01s
[90.351s][info][gc,start    ] GC(21) Pause Young (Normal) (G1 Evacuation Pause)
[90.351s][info][gc,task     ] GC(21) Using 4 workers of 8 for evacuation
[90.359s][info][gc,phases   ] GC(21)   Pre Evacuate Collection Set: 0.1ms
[90.360s][info][gc,phases   ] GC(21)   Merge Heap Roots: 0.1ms
[90.360s][info][gc,phases   ] GC(21)   Evacuate Collection Set: 7.3ms
[90.360s][info][gc,phases   ] GC(21)   Post Evacuate Collection Set: 0.5ms
[90.360s][info][gc,phases   ] GC(21)   Other: 0.1ms
[90.360s][info][gc,heap     ] GC(21) Eden regions: 32->0(32)
[90.360s][info][gc,heap     ] GC(21) Survivor regions: 3->3(5)
[90.360s][info][gc,heap     ] GC(21) Old regions: 10->10
[90.360s][info][gc,heap     ] GC(21) Humongous regions: 24->24
[90.360s][info][gc,metaspace] GC(21) Metaspace: 53793K(54784K)->53793K(54784K) NonClass: 47068K(47616K)->47068K(47616K) Class: 6725K(7168K)->6725K(7168K)
[90.360s][info][gc          ] GC(21) Pause Young (Normal) (G1 Evacuation Pause) 135M->73M(154M) 8.424ms
[90.360s][info][gc,cpu      ] GC(21) User=0.02s Sys=0.00s Real=0.01s
[91.309s][info][gc,start    ] GC(22) Pause Young (Normal) (G1 Evacuation Pause)
[91.309s][info][gc,task     ] GC(22) Using 4 workers of 8 for evacuation
[91.316s][info][gc,phases   ] GC(22)   Pre Evacuate Collection Set: 0.1ms
[91.316s][info][gc,phases   ] GC(22)   Merge Heap Roots: 0.1ms
[91.316s][info][gc,phases   ] GC(22)   Evacuate Collection Set: 6.2ms
[91.316s][info][gc,phases   ] GC(22)   Post Evacuate Collection Set: 0.5ms
[91.316s][info][gc,phases   ] GC(22)   Other: 0.1ms
[91.316s][info][gc,heap     ] GC(22) Eden regions: 32->0(33)
[91.316s][info][gc,heap     ] GC(22) Survivor regions: 3->2(5)
[91.316s][info][gc,heap     ] GC(22) Old regions: 10->11
[91.316s][info][gc,heap     ] GC(22) Humongous regions: 24->24
[91.316s][info][gc,metaspace] GC(22) Metaspace: 53859K(54784K)->53859K(54784K) NonClass: 47134K(47616K)->47134K(47616K) Class: 6725K(7168K)->6725K(7168K)
[91.316s][info][gc          ] GC(22) Pause Young (Normal) (G1 Evacuation Pause) 137M->72M(154M) 7.145ms
[91.317s][info][gc,cpu      ] GC(22) User=0.03s Sys=0.00s Real=0.01s
[92.194s][info][gc,start    ] GC(23) Pause Young (Concurrent Start) (G1 Evacuation Pause)
[92.194s][info][gc,task     ] GC(23) Using 4 workers of 8 for evacuation
[92.198s][info][gc,phases   ] GC(23)   Pre Evacuate Collection Set: 0.1ms
[92.198s][info][gc,phases   ] GC(23)   Merge Heap Roots: 0.0ms
[92.198s][info][gc,phases   ] GC(23)   Evacuate Collection Set: 3.4ms
[92.198s][info][gc,phases   ] GC(23)   Post Evacuate Collection Set: 0.4ms
[92.198s][info][gc,phases   ] GC(23)   Other: 0.1ms
[92.199s][info][gc,heap     ] GC(23) Eden regions: 33->0(33)
[92.199s][info][gc,heap     ] GC(23) Survivor regions: 2->2(5)
[92.199s][info][gc,heap     ] GC(23) Old regions: 11->11
[92.199s][info][gc,heap     ] GC(23) Humongous regions: 24->24
[92.199s][info][gc,metaspace] GC(23) Metaspace: 53862K(54848K)->53862K(54848K) NonClass: 47136K(47680K)->47136K(47680K) Class: 6725K(7168K)->6725K(7168K)
[92.199s][info][gc          ] GC(23) Pause Young (Concurrent Start) (G1 Evacuation Pause) 138M->72M(154M) 4.368ms
[92.199s][info][gc,cpu      ] GC(23) User=0.00s Sys=0.00s Real=0.00s
[92.199s][info][gc          ] GC(24) Concurrent Mark Cycle
[92.199s][info][gc,marking  ] GC(24) Concurrent Scan Root Regions
[92.201s][info][gc,marking  ] GC(24) Concurrent Scan Root Regions 1.857ms
[92.201s][info][gc,marking  ] GC(24) Concurrent Mark
[92.201s][info][gc,marking  ] GC(24) Concurrent Mark From Roots
[92.201s][info][gc,task     ] GC(24) Using 2 workers of 2 for marking
[92.224s][info][gc,marking  ] GC(24) Concurrent Mark From Roots 23.774ms
[92.224s][info][gc,marking  ] GC(24) Concurrent Preclean
[92.225s][info][gc,marking  ] GC(24) Concurrent Preclean 0.047ms
[92.225s][info][gc,start    ] GC(24) Pause Remark
[92.235s][info][gc          ] GC(24) Pause Remark 74M->74M(154M) 10.635ms
[92.235s][info][gc,cpu      ] GC(24) User=0.02s Sys=0.00s Real=0.01s
[92.236s][info][gc,marking  ] GC(24) Concurrent Mark 35.367ms
[92.236s][info][gc,marking  ] GC(24) Concurrent Rebuild Remembered Sets and Scrub Regions
[92.249s][info][gc,marking  ] GC(24) Concurrent Rebuild Remembered Sets and Scrub Regions 13.210ms
[92.249s][info][gc,start    ] GC(24) Pause Cleanup
[92.250s][info][gc          ] GC(24) Pause Cleanup 75M->75M(154M) 0.138ms
[92.250s][info][gc,cpu      ] GC(24) User=0.00s Sys=0.00s Real=0.00s
[92.250s][info][gc,marking  ] GC(24) Concurrent Clear Claimed Marks
[92.250s][info][gc,marking  ] GC(24) Concurrent Clear Claimed Marks 0.106ms
[92.250s][info][gc,marking  ] GC(24) Concurrent Cleanup for Next Mark
[92.250s][info][gc,marking  ] GC(24) Concurrent Cleanup for Next Mark 0.312ms
[92.250s][info][gc          ] GC(24) Concurrent Mark Cycle 51.400ms
[93.117s][info][gc,start    ] GC(25) Pause Young (Prepare Mixed) (G1 Evacuation Pause)
[93.117s][info][gc,task     ] GC(25) Using 4 workers of 8 for evacuation
[93.122s][info][gc,phases   ] GC(25)   Pre Evacuate Collection Set: 0.1ms
[93.122s][info][gc,phases   ] GC(25)   Merge Heap Roots: 0.1ms
[93.122s][info][gc,phases   ] GC(25)   Evacuate Collection Set: 4.2ms
[93.122s][info][gc,phases   ] GC(25)   Post Evacuate Collection Set: 0.3ms
[93.122s][info][gc,phases   ] GC(25)   Other: 0.1ms
[93.122s][info][gc,heap     ] GC(25) Eden regions: 33->0(31)
[93.122s][info][gc,heap     ] GC(25) Survivor regions: 2->3(5)
[93.122s][info][gc,heap     ] GC(25) Old regions: 11->11
[93.122s][info][gc,heap     ] GC(25) Humongous regions: 24->24
[93.122s][info][gc,metaspace] GC(25) Metaspace: 53677K(54912K)->53677K(54912K) NonClass: 47023K(47744K)->47023K(47744K) Class: 6654K(7168K)->6654K(7168K)
[93.122s][info][gc          ] GC(25) Pause Young (Prepare Mixed) (G1 Evacuation Pause) 138M->73M(154M) 4.923ms
[93.122s][info][gc,cpu      ] GC(25) User=0.00s Sys=0.00s Real=0.01s
[94.072s][info][gc,start    ] GC(26) Pause Young (Mixed) (G1 Evacuation Pause)
[94.072s][info][gc,task     ] GC(26) Using 4 workers of 8 for evacuation
[94.085s][info][gc,phases   ] GC(26)   Pre Evacuate Collection Set: 0.1ms
[94.085s][info][gc,phases   ] GC(26)   Merge Heap Roots: 0.1ms
[94.085s][info][gc,phases   ] GC(26)   Evacuate Collection Set: 12.3ms
[94.085s][info][gc,phases   ] GC(26)   Post Evacuate Collection Set: 0.6ms
[94.085s][info][gc,phases   ] GC(26)   Other: 0.1ms
[94.085s][info][gc,heap     ] GC(26) Eden regions: 31->0(27)
[94.085s][info][gc,heap     ] GC(26) Survivor regions: 3->5(5)
[94.085s][info][gc,heap     ] GC(26) Old regions: 11->11
[94.085s][info][gc,heap     ] GC(26) Humongous regions: 24->24
[94.085s][info][gc,metaspace] GC(26) Metaspace: 53850K(55104K)->53850K(55104K) NonClass: 47196K(47936K)->47196K(47936K) Class: 6654K(7168K)->6654K(7168K)
[94.085s][info][gc          ] GC(26) Pause Young (Mixed) (G1 Evacuation Pause) 135M->77M(154M) 13.685ms
[94.085s][info][gc,cpu      ] GC(26) User=0.06s Sys=0.00s Real=0.01s
[95.120s][info][gc,start    ] GC(27) Pause Young (Concurrent Start) (G1 Evacuation Pause)
[95.120s][info][gc,task     ] GC(27) Using 4 workers of 8 for evacuation
[95.141s][info][gc,phases   ] GC(27)   Pre Evacuate Collection Set: 0.2ms
[95.141s][info][gc,phases   ] GC(27)   Merge Heap Roots: 0.1ms
[95.141s][info][gc,phases   ] GC(27)   Evacuate Collection Set: 20.6ms
[95.141s][info][gc,phases   ] GC(27)   Post Evacuate Collection Set: 0.4ms
[95.141s][info][gc,phases   ] GC(27)   Other: 0.1ms
[95.141s][info][gc,heap     ] GC(27) Eden regions: 27->0(25)
[95.141s][info][gc,heap     ] GC(27) Survivor regions: 5->4(4)
[95.141s][info][gc,heap     ] GC(27) Old regions: 11->15
[95.141s][info][gc,heap     ] GC(27) Humongous regions: 24->24
[95.141s][info][gc,metaspace] GC(27) Metaspace: 54109K(55232K)->54109K(55232K) NonClass: 47449K(48064K)->47449K(48064K) Class: 6659K(7168K)->6659K(7168K)
[95.141s][info][gc          ] GC(27) Pause Young (Concurrent Start) (G1 Evacuation Pause) 131M->85M(154M) 21.730ms
[95.141s][info][gc          ] GC(28) Concurrent Mark Cycle
[95.141s][info][gc,cpu      ] GC(27) User=0.12s Sys=0.00s Real=0.02s
[95.141s][info][gc,marking  ] GC(28) Concurrent Scan Root Regions
[95.152s][info][gc,marking  ] GC(28) Concurrent Scan Root Regions 10.632ms
[95.152s][info][gc,marking  ] GC(28) Concurrent Mark
[95.152s][info][gc,marking  ] GC(28) Concurrent Mark From Roots
[95.152s][info][gc,task     ] GC(28) Using 2 workers of 2 for marking
[95.202s][info][gc,marking  ] GC(28) Concurrent Mark From Roots 49.794ms
[95.202s][info][gc,marking  ] GC(28) Concurrent Preclean
[95.202s][info][gc,marking  ] GC(28) Concurrent Preclean 0.067ms
[95.202s][info][gc,start    ] GC(28) Pause Remark
[95.213s][info][gc          ] GC(28) Pause Remark 87M->87M(154M) 10.661ms
[95.213s][info][gc,cpu      ] GC(28) User=0.08s Sys=0.00s Real=0.01s
[95.214s][info][gc,marking  ] GC(28) Concurrent Mark 61.608ms
[95.214s][info][gc,marking  ] GC(28) Concurrent Rebuild Remembered Sets and Scrub Regions
[95.234s][info][gc,marking  ] GC(28) Concurrent Rebuild Remembered Sets and Scrub Regions 20.460ms
[95.234s][info][gc,start    ] GC(28) Pause Cleanup
[95.234s][info][gc          ] GC(28) Pause Cleanup 87M->87M(154M) 0.113ms
[95.235s][info][gc,cpu      ] GC(28) User=0.00s Sys=0.00s Real=0.00s
[95.236s][info][gc,marking  ] GC(28) Concurrent Clear Claimed Marks
[95.236s][info][gc,marking  ] GC(28) Concurrent Clear Claimed Marks 0.147ms
[95.236s][info][gc,marking  ] GC(28) Concurrent Cleanup for Next Mark
[95.237s][info][gc,marking  ] GC(28) Concurrent Cleanup for Next Mark 0.369ms
[95.237s][info][gc          ] GC(28) Concurrent Mark Cycle 95.282ms
[95.882s][info][gc,start    ] GC(29) Pause Young (Prepare Mixed) (G1 Evacuation Pause)
[95.882s][info][gc,task     ] GC(29) Using 4 workers of 8 for evacuation
[95.901s][info][gc,phases   ] GC(29)   Pre Evacuate Collection Set: 0.1ms
[95.902s][info][gc,phases   ] GC(29)   Merge Heap Roots: 0.1ms
[95.902s][info][gc,phases   ] GC(29)   Evacuate Collection Set: 19.0ms
[95.902s][info][gc,phases   ] GC(29)   Post Evacuate Collection Set: 0.4ms
[95.902s][info][gc,phases   ] GC(29)   Other: 0.1ms
[95.902s][info][gc,heap     ] GC(29) Eden regions: 25->0(22)
[95.902s][info][gc,heap     ] GC(29) Survivor regions: 4->4(4)
[95.902s][info][gc,heap     ] GC(29) Old regions: 15->18
[95.902s][info][gc,heap     ] GC(29) Humongous regions: 24->24
[95.902s][info][gc,metaspace] GC(29) Metaspace: 54299K(55360K)->54299K(55360K) NonClass: 47639K(48192K)->47639K(48192K) Class: 6659K(7168K)->6659K(7168K)
[95.902s][info][gc          ] GC(29) Pause Young (Prepare Mixed) (G1 Evacuation Pause) 135M->91M(154M) 20.042ms
[95.902s][info][gc,cpu      ] GC(29) User=0.05s Sys=0.00s Real=0.02s
[96.695s][info][gc,start    ] GC(30) Pause Young (Mixed) (G1 Evacuation Pause)
[96.695s][info][gc,task     ] GC(30) Using 4 workers of 8 for evacuation
[96.719s][info][gc,phases   ] GC(30)   Pre Evacuate Collection Set: 0.1ms
[96.719s][info][gc,phases   ] GC(30)   Merge Heap Roots: 0.2ms
[96.719s][info][gc,phases   ] GC(30)   Evacuate Collection Set: 22.4ms
[96.719s][info][gc,phases   ] GC(30)   Post Evacuate Collection Set: 0.5ms
[96.719s][info][gc,phases   ] GC(30)   Other: 0.1ms
[96.719s][info][gc,heap     ] GC(30) Eden regions: 22->0(19)
[96.719s][info][gc,heap     ] GC(30) Survivor regions: 4->4(4)
[96.719s][info][gc,heap     ] GC(30) Old regions: 18->21
[96.719s][info][gc,heap     ] GC(30) Humongous regions: 24->24
[96.719s][info][gc,metaspace] GC(30) Metaspace: 54371K(55424K)->54371K(55424K) NonClass: 47712K(48256K)->47712K(48256K) Class: 6659K(7168K)->6659K(7168K)
[96.719s][info][gc          ] GC(30) Pause Young (Mixed) (G1 Evacuation Pause) 135M->98M(154M) 23.650ms
[96.719s][info][gc,cpu      ] GC(30) User=0.06s Sys=0.00s Real=0.02s
[97.199s][info][gc,start    ] GC(31) Pause Young (Concurrent Start) (G1 Evacuation Pause)
[97.199s][info][gc,task     ] GC(31) Using 4 workers of 8 for evacuation
[97.220s][info][gc,phases   ] GC(31)   Pre Evacuate Collection Set: 0.1ms
[97.220s][info][gc,phases   ] GC(31)   Merge Heap Roots: 0.1ms
[97.220s][info][gc,phases   ] GC(31)   Evacuate Collection Set: 20.5ms
[97.220s][info][gc,phases   ] GC(31)   Post Evacuate Collection Set: 0.3ms
[97.220s][info][gc,phases   ] GC(31)   Other: 0.1ms
[97.220s][info][gc,heap     ] GC(31) Eden regions: 19->0(14)
[97.220s][info][gc,heap     ] GC(31) Survivor regions: 4->3(3)
[97.220s][info][gc,heap     ] GC(31) Old regions: 21->27
[97.220s][info][gc,heap     ] GC(31) Humongous regions: 24->24
[97.220s][info][gc,metaspace] GC(31) Metaspace: 54400K(55424K)->54400K(55424K) NonClass: 47740K(48256K)->47740K(48256K) Class: 6659K(7168K)->6659K(7168K)
[97.220s][info][gc          ] GC(31) Pause Young (Concurrent Start) (G1 Evacuation Pause) 136M->107M(154M) 21.477ms
[97.220s][info][gc          ] GC(32) Concurrent Mark Cycle
[97.220s][info][gc,cpu      ] GC(31) User=0.06s Sys=0.00s Real=0.02s
[97.220s][info][gc,marking  ] GC(32) Concurrent Scan Root Regions
[97.232s][info][gc,marking  ] GC(32) Concurrent Scan Root Regions 11.467ms
[97.232s][info][gc,marking  ] GC(32) Concurrent Mark
[97.232s][info][gc,marking  ] GC(32) Concurrent Mark From Roots
[97.232s][info][gc,task     ] GC(32) Using 2 workers of 2 for marking
[97.291s][info][gc,marking  ] GC(32) Concurrent Mark From Roots 59.674ms
[97.291s][info][gc,marking  ] GC(32) Concurrent Preclean
[97.292s][info][gc,marking  ] GC(32) Concurrent Preclean 0.082ms
[97.292s][info][gc,start    ] GC(32) Pause Remark
[97.299s][info][gc          ] GC(32) Pause Remark 113M->113M(190M) 7.554ms
[97.299s][info][gc,cpu      ] GC(32) User=0.03s Sys=0.00s Real=0.01s
[97.299s][info][gc,marking  ] GC(32) Concurrent Mark 67.637ms
[97.299s][info][gc,marking  ] GC(32) Concurrent Rebuild Remembered Sets and Scrub Regions
[97.334s][info][gc,marking  ] GC(32) Concurrent Rebuild Remembered Sets and Scrub Regions 34.204ms
[97.334s][info][gc,start    ] GC(32) Pause Cleanup
[97.334s][info][gc          ] GC(32) Pause Cleanup 114M->114M(190M) 0.159ms
[97.334s][info][gc,cpu      ] GC(32) User=0.00s Sys=0.00s Real=0.00s
[97.334s][info][gc,marking  ] GC(32) Concurrent Clear Claimed Marks
[97.334s][info][gc,marking  ] GC(32) Concurrent Clear Claimed Marks 0.161ms
[97.334s][info][gc,marking  ] GC(32) Concurrent Cleanup for Next Mark
[97.335s][info][gc,marking  ] GC(32) Concurrent Cleanup for Next Mark 0.506ms
[97.335s][info][gc          ] GC(32) Concurrent Mark Cycle 114.665ms
[97.583s][info][gc,start    ] GC(33) Pause Young (Prepare Mixed) (G1 Evacuation Pause)
[97.583s][info][gc,task     ] GC(33) Using 4 workers of 8 for evacuation
[97.599s][info][gc,phases   ] GC(33)   Pre Evacuate Collection Set: 0.1ms
[97.599s][info][gc,phases   ] GC(33)   Merge Heap Roots: 0.1ms
[97.599s][info][gc,phases   ] GC(33)   Evacuate Collection Set: 15.7ms
[97.600s][info][gc,phases   ] GC(33)   Post Evacuate Collection Set: 0.5ms
[97.600s][info][gc,phases   ] GC(33)   Other: 0.1ms
[97.600s][info][gc,heap     ] GC(33) Eden regions: 14->0(24)
[97.600s][info][gc,heap     ] GC(33) Survivor regions: 3->3(3)
[97.600s][info][gc,heap     ] GC(33) Old regions: 27->30
[97.600s][info][gc,heap     ] GC(33) Humongous regions: 24->24
[97.600s][info][gc,metaspace] GC(33) Metaspace: 54400K(55424K)->54400K(55424K) NonClass: 47740K(48256K)->47740K(48256K) Class: 6659K(7168K)->6659K(7168K)
[97.600s][info][gc          ] GC(33) Pause Young (Prepare Mixed) (G1 Evacuation Pause) 135M->113M(190M) 16.724ms
[97.600s][info][gc,cpu      ] GC(33) User=0.00s Sys=0.00s Real=0.02s
[98.218s][info][gc,start    ] GC(34) Pause Young (Mixed) (G1 Evacuation Pause)
[98.218s][info][gc,task     ] GC(34) Using 4 workers of 8 for evacuation
[98.230s][info][gc,phases   ] GC(34)   Pre Evacuate Collection Set: 0.1ms
[98.230s][info][gc,phases   ] GC(34)   Merge Heap Roots: 0.1ms
[98.230s][info][gc,phases   ] GC(34)   Evacuate Collection Set: 10.7ms
[98.230s][info][gc,phases   ] GC(34)   Post Evacuate Collection Set: 0.8ms
[98.230s][info][gc,phases   ] GC(34)   Other: 0.1ms
[98.230s][info][gc,heap     ] GC(34) Eden regions: 24->0(43)
[98.230s][info][gc,heap     ] GC(34) Survivor regions: 3->3(4)
[98.230s][info][gc,heap     ] GC(34) Old regions: 30->31
[98.230s][info][gc,heap     ] GC(34) Humongous regions: 24->24
[98.230s][info][gc,metaspace] GC(34) Metaspace: 54432K(55424K)->54432K(55424K) NonClass: 47764K(48256K)->47764K(48256K) Class: 6668K(7168K)->6668K(7168K)
[98.230s][info][gc          ] GC(34) Pause Young (Mixed) (G1 Evacuation Pause) 161M->115M(248M) 12.321ms
[98.230s][info][gc,cpu      ] GC(34) User=0.03s Sys=0.00s Real=0.01s
[99.330s][info][gc,start    ] GC(35) Pause Young (Concurrent Start) (G1 Evacuation Pause)
[99.330s][info][gc,task     ] GC(35) Using 5 workers of 8 for evacuation
[99.341s][info][gc,phases   ] GC(35)   Pre Evacuate Collection Set: 0.1ms
[99.341s][info][gc,phases   ] GC(35)   Merge Heap Roots: 0.1ms
[99.341s][info][gc,phases   ] GC(35)   Evacuate Collection Set: 10.1ms
[99.341s][info][gc,phases   ] GC(35)   Post Evacuate Collection Set: 0.7ms
[99.341s][info][gc,phases   ] GC(35)   Other: 0.1ms
[99.341s][info][gc,heap     ] GC(35) Eden regions: 43->0(44)
[99.341s][info][gc,heap     ] GC(35) Survivor regions: 3->5(6)
[99.341s][info][gc,heap     ] GC(35) Old regions: 31->31
[99.341s][info][gc,heap     ] GC(35) Humongous regions: 24->24
[99.341s][info][gc,metaspace] GC(35) Metaspace: 54441K(55424K)->54441K(55424K) NonClass: 47773K(48256K)->47773K(48256K) Class: 6668K(7168K)->6668K(7168K)
[99.341s][info][gc          ] GC(35) Pause Young (Concurrent Start) (G1 Evacuation Pause) 201M->118M(248M) 11.475ms
[99.341s][info][gc          ] GC(36) Concurrent Mark Cycle
[99.341s][info][gc,cpu      ] GC(35) User=0.00s Sys=0.00s Real=0.01s
[99.342s][info][gc,marking  ] GC(36) Concurrent Scan Root Regions
[99.347s][info][gc,marking  ] GC(36) Concurrent Scan Root Regions 5.774ms
[99.347s][info][gc,marking  ] GC(36) Concurrent Mark
[99.347s][info][gc,marking  ] GC(36) Concurrent Mark From Roots
[99.347s][info][gc,task     ] GC(36) Using 2 workers of 2 for marking
[99.387s][info][gc,marking  ] GC(36) Concurrent Mark From Roots 39.563ms
[99.387s][info][gc,marking  ] GC(36) Concurrent Preclean
[99.387s][info][gc,marking  ] GC(36) Concurrent Preclean 0.065ms
[99.387s][info][gc,start    ] GC(36) Pause Remark
[99.393s][info][gc          ] GC(36) Pause Remark 121M->121M(248M) 5.470ms
[99.393s][info][gc,cpu      ] GC(36) User=0.05s Sys=0.00s Real=0.01s
[99.393s][info][gc,marking  ] GC(36) Concurrent Mark 45.385ms
[99.393s][info][gc,marking  ] GC(36) Concurrent Rebuild Remembered Sets and Scrub Regions
[99.413s][info][gc,marking  ] GC(36) Concurrent Rebuild Remembered Sets and Scrub Regions 20.303ms
[99.413s][info][gc,start    ] GC(36) Pause Cleanup
[99.413s][info][gc          ] GC(36) Pause Cleanup 122M->122M(248M) 0.089ms
[99.413s][info][gc,cpu      ] GC(36) User=0.00s Sys=0.00s Real=0.00s
[99.413s][info][gc,marking  ] GC(36) Concurrent Clear Claimed Marks
[99.413s][info][gc,marking  ] GC(36) Concurrent Clear Claimed Marks 0.087ms
[99.413s][info][gc,marking  ] GC(36) Concurrent Cleanup for Next Mark
[99.414s][info][gc,marking  ] GC(36) Concurrent Cleanup for Next Mark 0.554ms
[99.414s][info][gc          ] GC(36) Concurrent Mark Cycle 72.558ms
[100.367s][info][gc,start    ] GC(37) Pause Young (Prepare Mixed) (G1 Evacuation Pause)
[100.367s][info][gc,task     ] GC(37) Using 5 workers of 8 for evacuation
[100.376s][info][gc,phases   ] GC(37)   Pre Evacuate Collection Set: 0.1ms
[100.376s][info][gc,phases   ] GC(37)   Merge Heap Roots: 0.2ms
[100.376s][info][gc,phases   ] GC(37)   Evacuate Collection Set: 7.2ms
[100.376s][info][gc,phases   ] GC(37)   Post Evacuate Collection Set: 0.6ms
[100.376s][info][gc,phases   ] GC(37)   Other: 0.1ms
[100.376s][info][gc,heap     ] GC(37) Eden regions: 44->0(46)
[100.376s][info][gc,heap     ] GC(37) Survivor regions: 5->3(7)
[100.376s][info][gc,heap     ] GC(37) Old regions: 31->33
[100.376s][info][gc,heap     ] GC(37) Humongous regions: 24->24
[100.376s][info][gc,metaspace] GC(37) Metaspace: 54441K(55424K)->54441K(55424K) NonClass: 47773K(48256K)->47773K(48256K) Class: 6668K(7168K)->6668K(7168K)
[100.376s][info][gc          ] GC(37) Pause Young (Prepare Mixed) (G1 Evacuation Pause) 206M->117M(248M) 8.604ms
[100.376s][info][gc,cpu      ] GC(37) User=0.00s Sys=0.00s Real=0.01s
[101.380s][info][gc,start    ] GC(38) Pause Young (Mixed) (G1 Evacuation Pause)
[101.380s][info][gc,task     ] GC(38) Using 5 workers of 8 for evacuation
[101.389s][info][gc,phases   ] GC(38)   Pre Evacuate Collection Set: 0.1ms
[101.390s][info][gc,phases   ] GC(38)   Merge Heap Roots: 0.1ms
[101.390s][info][gc,phases   ] GC(38)   Evacuate Collection Set: 8.8ms
[101.390s][info][gc,phases   ] GC(38)   Post Evacuate Collection Set: 0.6ms
[101.390s][info][gc,phases   ] GC(38)   Other: 0.1ms
[101.390s][info][gc,heap     ] GC(38) Eden regions: 46->0(57)
[101.390s][info][gc,heap     ] GC(38) Survivor regions: 3->3(7)
[101.390s][info][gc,heap     ] GC(38) Old regions: 33->21
[101.390s][info][gc,heap     ] GC(38) Humongous regions: 24->24
[101.390s][info][gc,metaspace] GC(38) Metaspace: 54441K(55424K)->54441K(55424K) NonClass: 47773K(48256K)->47773K(48256K) Class: 6668K(7168K)->6668K(7168K)
[101.390s][info][gc          ] GC(38) Pause Young (Mixed) (G1 Evacuation Pause) 209M->94M(248M) 9.955ms
[101.390s][info][gc,cpu      ] GC(38) User=0.00s Sys=0.00s Real=0.01s
[102.635s][info][gc,start    ] GC(39) Pause Young (Concurrent Start) (G1 Evacuation Pause)
[102.635s][info][gc,task     ] GC(39) Using 5 workers of 8 for evacuation
[102.642s][info][gc,phases   ] GC(39)   Pre Evacuate Collection Set: 0.1ms
[102.642s][info][gc,phases   ] GC(39)   Merge Heap Roots: 0.1ms
[102.642s][info][gc,phases   ] GC(39)   Evacuate Collection Set: 6.5ms
[102.642s][info][gc,phases   ] GC(39)   Post Evacuate Collection Set: 0.4ms
[102.642s][info][gc,phases   ] GC(39)   Other: 0.1ms
[102.642s][info][gc,heap     ] GC(39) Eden regions: 57->0(59)
[102.642s][info][gc,heap     ] GC(39) Survivor regions: 3->3(8)
[102.642s][info][gc,heap     ] GC(39) Old regions: 21->21
[102.642s][info][gc,heap     ] GC(39) Humongous regions: 24->24
[102.642s][info][gc,metaspace] GC(39) Metaspace: 54444K(55424K)->54444K(55424K) NonClass: 47775K(48256K)->47775K(48256K) Class: 6668K(7168K)->6668K(7168K)
[102.642s][info][gc          ] GC(39) Pause Young (Concurrent Start) (G1 Evacuation Pause) 208M->94M(248M) 7.562ms
[102.642s][info][gc,cpu      ] GC(39) User=0.02s Sys=0.00s Real=0.01s
[102.642s][info][gc          ] GC(40) Concurrent Mark Cycle
[102.642s][info][gc,marking  ] GC(40) Concurrent Scan Root Regions
[102.646s][info][gc,marking  ] GC(40) Concurrent Scan Root Regions 3.824ms
[102.646s][info][gc,marking  ] GC(40) Concurrent Mark
[102.646s][info][gc,marking  ] GC(40) Concurrent Mark From Roots
[102.646s][info][gc,task     ] GC(40) Using 2 workers of 2 for marking
[102.682s][info][gc,marking  ] GC(40) Concurrent Mark From Roots 35.563ms
[102.682s][info][gc,marking  ] GC(40) Concurrent Preclean
[102.682s][info][gc,marking  ] GC(40) Concurrent Preclean 0.086ms
[102.682s][info][gc,start    ] GC(40) Pause Remark
[102.689s][info][gc          ] GC(40) Pause Remark 97M->97M(248M) 6.414ms
[102.689s][info][gc,cpu      ] GC(40) User=0.00s Sys=0.00s Real=0.01s
[102.690s][info][gc,marking  ] GC(40) Concurrent Mark 43.282ms
[102.690s][info][gc,marking  ] GC(40) Concurrent Rebuild Remembered Sets and Scrub Regions
[102.706s][info][gc,marking  ] GC(40) Concurrent Rebuild Remembered Sets and Scrub Regions 16.318ms
[102.706s][info][gc,start    ] GC(40) Pause Cleanup
[102.706s][info][gc          ] GC(40) Pause Cleanup 98M->98M(248M) 0.107ms
[102.706s][info][gc,cpu      ] GC(40) User=0.00s Sys=0.00s Real=0.00s
[102.707s][info][gc,marking  ] GC(40) Concurrent Clear Claimed Marks
[102.707s][info][gc,marking  ] GC(40) Concurrent Clear Claimed Marks 0.118ms
[102.707s][info][gc,marking  ] GC(40) Concurrent Cleanup for Next Mark
[102.707s][info][gc,marking  ] GC(40) Concurrent Cleanup for Next Mark 0.363ms
[102.707s][info][gc          ] GC(40) Concurrent Mark Cycle 64.718ms
[104.211s][info][gc,start    ] GC(41) Pause Young (Prepare Mixed) (G1 Evacuation Pause)
[104.211s][info][gc,task     ] GC(41) Using 5 workers of 8 for evacuation
[104.221s][info][gc,phases   ] GC(41)   Pre Evacuate Collection Set: 0.1ms
[104.221s][info][gc,phases   ] GC(41)   Merge Heap Roots: 0.1ms
[104.221s][info][gc,phases   ] GC(41)   Evacuate Collection Set: 9.5ms
[104.221s][info][gc,phases   ] GC(41)   Post Evacuate Collection Set: 0.5ms
[104.221s][info][gc,phases   ] GC(41)   Other: 0.1ms
[104.221s][info][gc,heap     ] GC(41) Eden regions: 59->0(59)
[104.221s][info][gc,heap     ] GC(41) Survivor regions: 3->5(8)
[104.221s][info][gc,heap     ] GC(41) Old regions: 21->21
[104.221s][info][gc,heap     ] GC(41) Humongous regions: 24->24
[104.221s][info][gc,metaspace] GC(41) Metaspace: 54448K(55424K)->54448K(55424K) NonClass: 47779K(48256K)->47779K(48256K) Class: 6668K(7168K)->6668K(7168K)
[104.221s][info][gc          ] GC(41) Pause Young (Prepare Mixed) (G1 Evacuation Pause) 212M->97M(248M) 10.547ms
[104.221s][info][gc,cpu      ] GC(41) User=0.03s Sys=0.00s Real=0.01s
[105.564s][info][gc,start    ] GC(42) Pause Young (Mixed) (G1 Evacuation Pause)
[105.565s][info][gc,task     ] GC(42) Using 5 workers of 8 for evacuation
[105.575s][info][gc,phases   ] GC(42)   Pre Evacuate Collection Set: 0.1ms
[105.575s][info][gc,phases   ] GC(42)   Merge Heap Roots: 0.1ms
[105.575s][info][gc,phases   ] GC(42)   Evacuate Collection Set: 9.5ms
[105.575s][info][gc,phases   ] GC(42)   Post Evacuate Collection Set: 0.4ms
[105.575s][info][gc,phases   ] GC(42)   Other: 0.1ms
[105.575s][info][gc,heap     ] GC(42) Eden regions: 59->0(62)
[105.575s][info][gc,heap     ] GC(42) Survivor regions: 5->4(8)
[105.575s][info][gc,heap     ] GC(42) Old regions: 21->19
[105.575s][info][gc,heap     ] GC(42) Humongous regions: 24->24
[105.575s][info][gc,metaspace] GC(42) Metaspace: 54451K(55424K)->54451K(55424K) NonClass: 47783K(48256K)->47783K(48256K) Class: 6668K(7168K)->6668K(7168K)
[105.575s][info][gc          ] GC(42) Pause Young (Mixed) (G1 Evacuation Pause) 215M->92M(248M) 10.429ms
[105.575s][info][gc,cpu      ] GC(42) User=0.00s Sys=0.00s Real=0.01s
[106.849s][info][gc,start    ] GC(43) Pause Young (Concurrent Start) (G1 Evacuation Pause)
[106.849s][info][gc,task     ] GC(43) Using 5 workers of 8 for evacuation
[106.858s][info][gc,phases   ] GC(43)   Pre Evacuate Collection Set: 0.1ms
[106.858s][info][gc,phases   ] GC(43)   Merge Heap Roots: 0.1ms
[106.858s][info][gc,phases   ] GC(43)   Evacuate Collection Set: 7.9ms
[106.858s][info][gc,phases   ] GC(43)   Post Evacuate Collection Set: 0.4ms
[106.858s][info][gc,phases   ] GC(43)   Other: 0.1ms
[106.858s][info][gc,heap     ] GC(43) Eden regions: 62->0(64)
[106.858s][info][gc,heap     ] GC(43) Survivor regions: 4->4(9)
[106.858s][info][gc,heap     ] GC(43) Old regions: 19->19
[106.858s][info][gc,heap     ] GC(43) Humongous regions: 24->24
[106.858s][info][gc,metaspace] GC(43) Metaspace: 54455K(55488K)->54455K(55488K) NonClass: 47786K(48320K)->47786K(48320K) Class: 6668K(7168K)->6668K(7168K)
[106.858s][info][gc          ] GC(43) Pause Young (Concurrent Start) (G1 Evacuation Pause) 216M->92M(248M) 8.953ms
[106.858s][info][gc          ] GC(44) Concurrent Mark Cycle
[106.858s][info][gc,cpu      ] GC(43) User=0.00s Sys=0.00s Real=0.01s
[106.858s][info][gc,marking  ] GC(44) Concurrent Scan Root Regions
[106.863s][info][gc,marking  ] GC(44) Concurrent Scan Root Regions 5.359ms
[106.863s][info][gc,marking  ] GC(44) Concurrent Mark
[106.863s][info][gc,marking  ] GC(44) Concurrent Mark From Roots
[106.863s][info][gc,task     ] GC(44) Using 2 workers of 2 for marking
[106.908s][info][gc,marking  ] GC(44) Concurrent Mark From Roots 45.087ms
[106.908s][info][gc,marking  ] GC(44) Concurrent Preclean
[106.909s][info][gc,marking  ] GC(44) Concurrent Preclean 0.106ms
[106.909s][info][gc,start    ] GC(44) Pause Remark
[106.914s][info][gc          ] GC(44) Pause Remark 96M->96M(248M) 5.221ms
[106.914s][info][gc,cpu      ] GC(44) User=0.00s Sys=0.00s Real=0.01s
[106.914s][info][gc,marking  ] GC(44) Concurrent Mark 50.885ms
[106.914s][info][gc,marking  ] GC(44) Concurrent Rebuild Remembered Sets and Scrub Regions
[106.929s][info][gc,marking  ] GC(44) Concurrent Rebuild Remembered Sets and Scrub Regions 14.649ms
[106.929s][info][gc,start    ] GC(44) Pause Cleanup
[106.929s][info][gc          ] GC(44) Pause Cleanup 97M->97M(248M) 0.149ms
[106.929s][info][gc,cpu      ] GC(44) User=0.00s Sys=0.00s Real=0.00s
[106.929s][info][gc,marking  ] GC(44) Concurrent Clear Claimed Marks
[106.929s][info][gc,marking  ] GC(44) Concurrent Clear Claimed Marks 0.113ms
[106.929s][info][gc,marking  ] GC(44) Concurrent Cleanup for Next Mark
[106.930s][info][gc,marking  ] GC(44) Concurrent Cleanup for Next Mark 0.396ms
[106.930s][info][gc          ] GC(44) Concurrent Mark Cycle 71.981ms
[108.243s][info][gc,start    ] GC(45) Pause Young (Prepare Mixed) (G1 Evacuation Pause)
[108.243s][info][gc,task     ] GC(45) Using 5 workers of 8 for evacuation
[108.251s][info][gc,phases   ] GC(45)   Pre Evacuate Collection Set: 0.1ms
[108.251s][info][gc,phases   ] GC(45)   Merge Heap Roots: 0.1ms
[108.251s][info][gc,phases   ] GC(45)   Evacuate Collection Set: 6.3ms
[108.251s][info][gc,phases   ] GC(45)   Post Evacuate Collection Set: 0.4ms
[108.251s][info][gc,phases   ] GC(45)   Other: 0.1ms
[108.251s][info][gc,heap     ] GC(45) Eden regions: 64->0(67)
[108.251s][info][gc,heap     ] GC(45) Survivor regions: 4->3(9)
[108.251s][info][gc,heap     ] GC(45) Old regions: 19->19
[108.251s][info][gc,heap     ] GC(45) Humongous regions: 24->24
[108.251s][info][gc,metaspace] GC(45) Metaspace: 54457K(55488K)->54457K(55488K) NonClass: 47789K(48320K)->47789K(48320K) Class: 6668K(7168K)->6668K(7168K)
[108.251s][info][gc          ] GC(45) Pause Young (Prepare Mixed) (G1 Evacuation Pause) 220M->91M(248M) 7.432ms
[108.251s][info][gc,cpu      ] GC(45) User=0.03s Sys=0.02s Real=0.01s
[109.711s][info][gc,start    ] GC(46) Pause Young (Mixed) (G1 Evacuation Pause)
[109.711s][info][gc,task     ] GC(46) Using 5 workers of 8 for evacuation
[109.722s][info][gc,phases   ] GC(46)   Pre Evacuate Collection Set: 0.1ms
[109.722s][info][gc,phases   ] GC(46)   Merge Heap Roots: 0.1ms
[109.722s][info][gc,phases   ] GC(46)   Evacuate Collection Set: 10.5ms
[109.722s][info][gc,phases   ] GC(46)   Post Evacuate Collection Set: 0.5ms
[109.722s][info][gc,phases   ] GC(46)   Other: 0.1ms
[109.722s][info][gc,heap     ] GC(46) Eden regions: 67->0(64)
[109.722s][info][gc,heap     ] GC(46) Survivor regions: 3->6(9)
[109.722s][info][gc,heap     ] GC(46) Old regions: 19->17
[109.722s][info][gc,heap     ] GC(46) Humongous regions: 24->24
[109.723s][info][gc,metaspace] GC(46) Metaspace: 54458K(55488K)->54458K(55488K) NonClass: 47789K(48320K)->47789K(48320K) Class: 6668K(7168K)->6668K(7168K)
[109.723s][info][gc          ] GC(46) Pause Young (Mixed) (G1 Evacuation Pause) 225M->92M(248M) 11.649ms
[109.723s][info][gc,cpu      ] GC(46) User=0.02s Sys=0.00s Real=0.01s
[111.248s][info][gc,start    ] GC(47) Pause Young (Concurrent Start) (G1 Evacuation Pause)
[111.248s][info][gc,task     ] GC(47) Using 5 workers of 8 for evacuation
[111.257s][info][gc,phases   ] GC(47)   Pre Evacuate Collection Set: 0.1ms
[111.258s][info][gc,phases   ] GC(47)   Merge Heap Roots: 0.1ms
[111.258s][info][gc,phases   ] GC(47)   Evacuate Collection Set: 9.0ms
[111.258s][info][gc,phases   ] GC(47)   Post Evacuate Collection Set: 0.5ms
[111.258s][info][gc,phases   ] GC(47)   Other: 0.1ms
[111.258s][info][gc,heap     ] GC(47) Eden regions: 64->0(67)
[111.258s][info][gc,heap     ] GC(47) Survivor regions: 6->4(9)
[111.258s][info][gc,heap     ] GC(47) Old regions: 17->18
[111.258s][info][gc,heap     ] GC(47) Humongous regions: 24->24
[111.258s][info][gc,metaspace] GC(47) Metaspace: 54469K(55488K)->54469K(55488K) NonClass: 47801K(48320K)->47801K(48320K) Class: 6668K(7168K)->6668K(7168K)
[111.258s][info][gc          ] GC(47) Pause Young (Concurrent Start) (G1 Evacuation Pause) 220M->90M(248M) 10.197ms
[111.258s][info][gc,cpu      ] GC(47) User=0.06s Sys=0.00s Real=0.01s
[111.258s][info][gc          ] GC(48) Concurrent Mark Cycle
[111.258s][info][gc,marking  ] GC(48) Concurrent Scan Root Regions
[111.262s][info][gc,marking  ] GC(48) Concurrent Scan Root Regions 4.433ms
[111.262s][info][gc,marking  ] GC(48) Concurrent Mark
[111.262s][info][gc,marking  ] GC(48) Concurrent Mark From Roots
[111.262s][info][gc,task     ] GC(48) Using 2 workers of 2 for marking
[111.310s][info][gc,marking  ] GC(48) Concurrent Mark From Roots 47.179ms
[111.310s][info][gc,marking  ] GC(48) Concurrent Preclean
[111.310s][info][gc,marking  ] GC(48) Concurrent Preclean 0.133ms
[111.310s][info][gc,start    ] GC(48) Pause Remark
[111.316s][info][gc          ] GC(48) Pause Remark 95M->95M(248M) 6.247ms
[111.316s][info][gc,cpu      ] GC(48) User=0.00s Sys=0.00s Real=0.01s
[111.316s][info][gc,marking  ] GC(48) Concurrent Mark 53.943ms
[111.316s][info][gc,marking  ] GC(48) Concurrent Rebuild Remembered Sets and Scrub Regions
[111.337s][info][gc,marking  ] GC(48) Concurrent Rebuild Remembered Sets and Scrub Regions 20.111ms
[111.337s][info][gc,start    ] GC(48) Pause Cleanup
[111.337s][info][gc          ] GC(48) Pause Cleanup 96M->96M(248M) 0.121ms
[111.337s][info][gc,cpu      ] GC(48) User=0.00s Sys=0.00s Real=0.00s
[111.337s][info][gc,marking  ] GC(48) Concurrent Clear Claimed Marks
[111.337s][info][gc,marking  ] GC(48) Concurrent Clear Claimed Marks 0.101ms
[111.337s][info][gc,marking  ] GC(48) Concurrent Cleanup for Next Mark
[111.337s][info][gc,marking  ] GC(48) Concurrent Cleanup for Next Mark 0.360ms
[111.337s][info][gc          ] GC(48) Concurrent Mark Cycle 79.476ms
[112.535s][info][gc,start    ] GC(49) Pause Young (Prepare Mixed) (G1 Evacuation Pause)
[112.535s][info][gc,task     ] GC(49) Using 5 workers of 8 for evacuation
[112.540s][info][gc,phases   ] GC(49)   Pre Evacuate Collection Set: 0.1ms
[112.540s][info][gc,phases   ] GC(49)   Merge Heap Roots: 0.1ms
[112.540s][info][gc,phases   ] GC(49)   Evacuate Collection Set: 4.2ms
[112.540s][info][gc,phases   ] GC(49)   Post Evacuate Collection Set: 0.3ms
[112.540s][info][gc,phases   ] GC(49)   Other: 0.1ms
[112.540s][info][gc,heap     ] GC(49) Eden regions: 67->0(70)
[112.540s][info][gc,heap     ] GC(49) Survivor regions: 4->2(9)
[112.540s][info][gc,heap     ] GC(49) Old regions: 18->18
[112.540s][info][gc,heap     ] GC(49) Humongous regions: 24->24
[112.540s][info][gc,metaspace] GC(49) Metaspace: 54469K(55488K)->54469K(55488K) NonClass: 47801K(48320K)->47801K(48320K) Class: 6668K(7168K)->6668K(7168K)
[112.540s][info][gc          ] GC(49) Pause Young (Prepare Mixed) (G1 Evacuation Pause) 224M->86M(248M) 5.159ms
[112.540s][info][gc,cpu      ] GC(49) User=0.00s Sys=0.00s Real=0.00s
[113.828s][info][gc,start    ] GC(50) Pause Young (Mixed) (G1 Evacuation Pause)
[113.828s][info][gc,task     ] GC(50) Using 5 workers of 8 for evacuation
[113.836s][info][gc,phases   ] GC(50)   Pre Evacuate Collection Set: 0.1ms
[113.836s][info][gc,phases   ] GC(50)   Merge Heap Roots: 0.1ms
[113.836s][info][gc,phases   ] GC(50)   Evacuate Collection Set: 7.9ms
[113.837s][info][gc,phases   ] GC(50)   Post Evacuate Collection Set: 0.4ms
[113.837s][info][gc,phases   ] GC(50)   Other: 0.1ms
[113.837s][info][gc,heap     ] GC(50) Eden regions: 70->0(69)
[113.837s][info][gc,heap     ] GC(50) Survivor regions: 2->4(9)
[113.837s][info][gc,heap     ] GC(50) Old regions: 18->16
[113.837s][info][gc,heap     ] GC(50) Humongous regions: 24->24
[113.837s][info][gc,metaspace] GC(50) Metaspace: 54469K(55488K)->54469K(55488K) NonClass: 47801K(48320K)->47801K(48320K) Class: 6668K(7168K)->6668K(7168K)
[113.837s][info][gc          ] GC(50) Pause Young (Mixed) (G1 Evacuation Pause) 226M->86M(248M) 9.002ms
[113.837s][info][gc,cpu      ] GC(50) User=0.00s Sys=0.00s Real=0.01s
[115.134s][info][gc,start    ] GC(51) Pause Young (Concurrent Start) (G1 Evacuation Pause)
[115.134s][info][gc,task     ] GC(51) Using 5 workers of 8 for evacuation
[115.141s][info][gc,phases   ] GC(51)   Pre Evacuate Collection Set: 0.1ms
[115.141s][info][gc,phases   ] GC(51)   Merge Heap Roots: 0.1ms
[115.141s][info][gc,phases   ] GC(51)   Evacuate Collection Set: 6.0ms
[115.141s][info][gc,phases   ] GC(51)   Post Evacuate Collection Set: 0.5ms
[115.141s][info][gc,phases   ] GC(51)   Other: 0.1ms
[115.141s][info][gc,heap     ] GC(51) Eden regions: 69->0(71)
[115.141s][info][gc,heap     ] GC(51) Survivor regions: 4->3(10)
[115.141s][info][gc,heap     ] GC(51) Old regions: 16->16
[115.141s][info][gc,heap     ] GC(51) Humongous regions: 24->24
[115.141s][info][gc,metaspace] GC(51) Metaspace: 54470K(55488K)->54470K(55488K) NonClass: 47801K(48320K)->47801K(48320K) Class: 6668K(7168K)->6668K(7168K)
[115.141s][info][gc          ] GC(51) Pause Young (Concurrent Start) (G1 Evacuation Pause) 224M->85M(248M) 7.103ms
[115.141s][info][gc          ] GC(52) Concurrent Mark Cycle
[115.141s][info][gc,cpu      ] GC(51) User=0.00s Sys=0.00s Real=0.01s
[115.141s][info][gc,marking  ] GC(52) Concurrent Scan Root Regions
[115.143s][info][gc,marking  ] GC(52) Concurrent Scan Root Regions 1.908ms
[115.143s][info][gc,marking  ] GC(52) Concurrent Mark
[115.143s][info][gc,marking  ] GC(52) Concurrent Mark From Roots
[115.143s][info][gc,task     ] GC(52) Using 2 workers of 2 for marking
[115.176s][info][gc,marking  ] GC(52) Concurrent Mark From Roots 33.267ms
[115.176s][info][gc,marking  ] GC(52) Concurrent Preclean
[115.177s][info][gc,marking  ] GC(52) Concurrent Preclean 0.059ms
[115.177s][info][gc,start    ] GC(52) Pause Remark
[115.183s][info][gc          ] GC(52) Pause Remark 88M->88M(248M) 6.543ms
[115.183s][info][gc,cpu      ] GC(52) User=0.00s Sys=0.00s Real=0.01s
[115.183s][info][gc,marking  ] GC(52) Concurrent Mark 40.119ms
[115.183s][info][gc,marking  ] GC(52) Concurrent Rebuild Remembered Sets and Scrub Regions
[115.199s][info][gc,marking  ] GC(52) Concurrent Rebuild Remembered Sets and Scrub Regions 15.841ms
[115.199s][info][gc,start    ] GC(52) Pause Cleanup
[115.200s][info][gc          ] GC(52) Pause Cleanup 90M->90M(248M) 0.268ms
[115.200s][info][gc,cpu      ] GC(52) User=0.00s Sys=0.00s Real=0.00s
[115.200s][info][gc,marking  ] GC(52) Concurrent Clear Claimed Marks
[115.200s][info][gc,marking  ] GC(52) Concurrent Clear Claimed Marks 0.097ms
[115.200s][info][gc,marking  ] GC(52) Concurrent Cleanup for Next Mark
[115.200s][info][gc,marking  ] GC(52) Concurrent Cleanup for Next Mark 0.537ms
[115.200s][info][gc          ] GC(52) Concurrent Mark Cycle 59.227ms
[116.496s][info][gc,start    ] GC(53) Pause Young (Prepare Mixed) (GCLocker Initiated GC)
[116.496s][info][gc,task     ] GC(53) Using 5 workers of 8 for evacuation
[116.503s][info][gc,phases   ] GC(53)   Pre Evacuate Collection Set: 0.1ms
[116.503s][info][gc,phases   ] GC(53)   Merge Heap Roots: 0.1ms
[116.503s][info][gc,phases   ] GC(53)   Evacuate Collection Set: 6.5ms
[116.503s][info][gc,phases   ] GC(53)   Post Evacuate Collection Set: 0.3ms
[116.503s][info][gc,phases   ] GC(53)   Other: 0.1ms
[116.503s][info][gc,heap     ] GC(53) Eden regions: 71->0(71)
[116.503s][info][gc,heap     ] GC(53) Survivor regions: 3->3(10)
[116.503s][info][gc,heap     ] GC(53) Old regions: 16->16
[116.503s][info][gc,heap     ] GC(53) Humongous regions: 24->24
[116.504s][info][gc,metaspace] GC(53) Metaspace: 54470K(55488K)->54470K(55488K) NonClass: 47801K(48320K)->47801K(48320K) Class: 6668K(7168K)->6668K(7168K)
[116.504s][info][gc          ] GC(53) Pause Young (Prepare Mixed) (GCLocker Initiated GC) 227M->85M(248M) 7.362ms
[116.504s][info][gc,cpu      ] GC(53) User=0.02s Sys=0.00s Real=0.01s
[117.930s][info][gc,start    ] GC(54) Pause Young (Mixed) (G1 Evacuation Pause)
[117.930s][info][gc,task     ] GC(54) Using 5 workers of 8 for evacuation
[117.939s][info][gc,phases   ] GC(54)   Pre Evacuate Collection Set: 0.1ms
[117.939s][info][gc,phases   ] GC(54)   Merge Heap Roots: 0.1ms
[117.939s][info][gc,phases   ] GC(54)   Evacuate Collection Set: 8.3ms
[117.939s][info][gc,phases   ] GC(54)   Post Evacuate Collection Set: 0.4ms
[117.939s][info][gc,phases   ] GC(54)   Other: 0.1ms
[117.939s][info][gc,heap     ] GC(54) Eden regions: 71->0(69)
[117.939s][info][gc,heap     ] GC(54) Survivor regions: 3->4(10)
[117.939s][info][gc,heap     ] GC(54) Old regions: 16->16
[117.939s][info][gc,heap     ] GC(54) Humongous regions: 24->24
[117.939s][info][gc,metaspace] GC(54) Metaspace: 54470K(55488K)->54470K(55488K) NonClass: 47801K(48320K)->47801K(48320K) Class: 6668K(7168K)->6668K(7168K)
[117.939s][info][gc          ] GC(54) Pause Young (Mixed) (G1 Evacuation Pause) 227M->85M(248M) 9.305ms
[117.939s][info][gc,cpu      ] GC(54) User=0.00s Sys=0.00s Real=0.01s
[119.439s][info][gc,start    ] GC(55) Pause Young (Concurrent Start) (G1 Evacuation Pause)
[119.439s][info][gc,task     ] GC(55) Using 5 workers of 8 for evacuation
[119.447s][info][gc,phases   ] GC(55)   Pre Evacuate Collection Set: 0.2ms
[119.447s][info][gc,phases   ] GC(55)   Merge Heap Roots: 0.1ms
[119.447s][info][gc,phases   ] GC(55)   Evacuate Collection Set: 7.2ms
[119.447s][info][gc,phases   ] GC(55)   Post Evacuate Collection Set: 0.3ms
[119.447s][info][gc,phases   ] GC(55)   Other: 0.1ms
[119.447s][info][gc,heap     ] GC(55) Eden regions: 69->0(69)
[119.447s][info][gc,heap     ] GC(55) Survivor regions: 4->4(10)
[119.447s][info][gc,heap     ] GC(55) Old regions: 16->16
[119.447s][info][gc,heap     ] GC(55) Humongous regions: 24->24
[119.447s][info][gc,metaspace] GC(55) Metaspace: 54471K(55488K)->54471K(55488K) NonClass: 47802K(48320K)->47802K(48320K) Class: 6668K(7168K)->6668K(7168K)
[119.447s][info][gc          ] GC(55) Pause Young (Concurrent Start) (G1 Evacuation Pause) 223M->85M(248M) 8.264ms
[119.447s][info][gc          ] GC(56) Concurrent Mark Cycle
[119.447s][info][gc,cpu      ] GC(55) User=0.00s Sys=0.00s Real=0.01s
[119.447s][info][gc,marking  ] GC(56) Concurrent Scan Root Regions
[119.453s][info][gc,marking  ] GC(56) Concurrent Scan Root Regions 5.780ms
[119.453s][info][gc,marking  ] GC(56) Concurrent Mark
[119.453s][info][gc,marking  ] GC(56) Concurrent Mark From Roots
[119.453s][info][gc,task     ] GC(56) Using 2 workers of 2 for marking
[119.500s][info][gc,marking  ] GC(56) Concurrent Mark From Roots 46.888ms
[119.500s][info][gc,marking  ] GC(56) Concurrent Preclean
[119.500s][info][gc,marking  ] GC(56) Concurrent Preclean 0.107ms
[119.500s][info][gc,start    ] GC(56) Pause Remark
[119.506s][info][gc          ] GC(56) Pause Remark 91M->91M(248M) 5.562ms
[119.506s][info][gc,cpu      ] GC(56) User=0.06s Sys=0.00s Real=0.01s
[119.506s][info][gc,marking  ] GC(56) Concurrent Mark 52.970ms
[119.506s][info][gc,marking  ] GC(56) Concurrent Rebuild Remembered Sets and Scrub Regions
[119.524s][info][gc,marking  ] GC(56) Concurrent Rebuild Remembered Sets and Scrub Regions 18.104ms
[119.524s][info][gc,start    ] GC(56) Pause Cleanup
[119.524s][info][gc          ] GC(56) Pause Cleanup 91M->91M(248M) 0.112ms
[119.524s][info][gc,cpu      ] GC(56) User=0.00s Sys=0.00s Real=0.00s
[119.524s][info][gc,marking  ] GC(56) Concurrent Clear Claimed Marks
[119.524s][info][gc,marking  ] GC(56) Concurrent Clear Claimed Marks 0.098ms
[119.524s][info][gc,marking  ] GC(56) Concurrent Cleanup for Next Mark
[119.525s][info][gc,marking  ] GC(56) Concurrent Cleanup for Next Mark 0.402ms
[119.525s][info][gc          ] GC(56) Concurrent Mark Cycle 77.906ms
[120.983s][info][gc,start    ] GC(57) Pause Young (Prepare Mixed) (G1 Evacuation Pause)
[120.983s][info][gc,task     ] GC(57) Using 5 workers of 8 for evacuation
[120.991s][info][gc,phases   ] GC(57)   Pre Evacuate Collection Set: 0.1ms
[120.991s][info][gc,phases   ] GC(57)   Merge Heap Roots: 0.1ms
[120.991s][info][gc,phases   ] GC(57)   Evacuate Collection Set: 8.0ms
[120.991s][info][gc,phases   ] GC(57)   Post Evacuate Collection Set: 0.4ms
[120.991s][info][gc,phases   ] GC(57)   Other: 0.1ms
[120.991s][info][gc,heap     ] GC(57) Eden regions: 69->0(69)
[120.991s][info][gc,heap     ] GC(57) Survivor regions: 4->4(10)
[120.991s][info][gc,heap     ] GC(57) Old regions: 16->16
[120.991s][info][gc,heap     ] GC(57) Humongous regions: 24->24
[120.991s][info][gc,metaspace] GC(57) Metaspace: 54471K(55488K)->54471K(55488K) NonClass: 47802K(48320K)->47802K(48320K) Class: 6668K(7168K)->6668K(7168K)
[120.992s][info][gc          ] GC(57) Pause Young (Prepare Mixed) (G1 Evacuation Pause) 223M->85M(248M) 8.966ms
[120.992s][info][gc,cpu      ] GC(57) User=0.05s Sys=0.00s Real=0.01s
[122.583s][info][gc,start    ] GC(58) Pause Young (Mixed) (G1 Evacuation Pause)
[122.583s][info][gc,task     ] GC(58) Using 5 workers of 8 for evacuation
[122.596s][info][gc,phases   ] GC(58)   Pre Evacuate Collection Set: 0.1ms
[122.596s][info][gc,phases   ] GC(58)   Merge Heap Roots: 0.2ms
[122.596s][info][gc,phases   ] GC(58)   Evacuate Collection Set: 11.7ms
[122.596s][info][gc,phases   ] GC(58)   Post Evacuate Collection Set: 0.4ms
[122.596s][info][gc,phases   ] GC(58)   Other: 0.1ms
[122.596s][info][gc,heap     ] GC(58) Eden regions: 69->0(68)
[122.596s][info][gc,heap     ] GC(58) Survivor regions: 4->5(10)
[122.596s][info][gc,heap     ] GC(58) Old regions: 16->15
[122.596s][info][gc,heap     ] GC(58) Humongous regions: 24->24
[122.596s][info][gc,metaspace] GC(58) Metaspace: 54471K(55488K)->54471K(55488K) NonClass: 47802K(48320K)->47802K(48320K) Class: 6668K(7168K)->6668K(7168K)
[122.596s][info][gc          ] GC(58) Pause Young (Mixed) (G1 Evacuation Pause) 223M->86M(248M) 12.815ms
[122.596s][info][gc,cpu      ] GC(58) User=0.03s Sys=0.00s Real=0.01s
[124.095s][info][gc,start    ] GC(59) Pause Young (Concurrent Start) (G1 Evacuation Pause)
[124.095s][info][gc,task     ] GC(59) Using 5 workers of 8 for evacuation
[124.102s][info][gc,phases   ] GC(59)   Pre Evacuate Collection Set: 0.1ms
[124.102s][info][gc,phases   ] GC(59)   Merge Heap Roots: 0.1ms
[124.102s][info][gc,phases   ] GC(59)   Evacuate Collection Set: 6.8ms
[124.102s][info][gc,phases   ] GC(59)   Post Evacuate Collection Set: 0.3ms
[124.102s][info][gc,phases   ] GC(59)   Other: 0.1ms
[124.102s][info][gc,heap     ] GC(59) Eden regions: 68->0(70)
[124.102s][info][gc,heap     ] GC(59) Survivor regions: 5->4(10)
[124.102s][info][gc,heap     ] GC(59) Old regions: 15->15
[124.102s][info][gc,heap     ] GC(59) Humongous regions: 24->24
[124.102s][info][gc,metaspace] GC(59) Metaspace: 54471K(55488K)->54471K(55488K) NonClass: 47802K(48320K)->47802K(48320K) Class: 6668K(7168K)->6668K(7168K)
[124.102s][info][gc          ] GC(59) Pause Young (Concurrent Start) (G1 Evacuation Pause) 222M->83M(248M) 7.732ms
[124.102s][info][gc,cpu      ] GC(59) User=0.00s Sys=0.00s Real=0.01s
[124.102s][info][gc          ] GC(60) Concurrent Mark Cycle
[124.102s][info][gc,marking  ] GC(60) Concurrent Scan Root Regions
[124.106s][info][gc,marking  ] GC(60) Concurrent Scan Root Regions 3.757ms
[124.106s][info][gc,marking  ] GC(60) Concurrent Mark
[124.106s][info][gc,marking  ] GC(60) Concurrent Mark From Roots
[124.106s][info][gc,task     ] GC(60) Using 2 workers of 2 for marking
[124.141s][info][gc,marking  ] GC(60) Concurrent Mark From Roots 34.641ms
[124.141s][info][gc,marking  ] GC(60) Concurrent Preclean
[124.141s][info][gc,marking  ] GC(60) Concurrent Preclean 0.079ms
[124.141s][info][gc,start    ] GC(60) Pause Remark
[124.146s][info][gc          ] GC(60) Pause Remark 86M->86M(248M) 5.228ms
[124.146s][info][gc,cpu      ] GC(60) User=0.02s Sys=0.00s Real=0.00s
[124.147s][info][gc,marking  ] GC(60) Concurrent Mark 40.262ms
[124.147s][info][gc,marking  ] GC(60) Concurrent Rebuild Remembered Sets and Scrub Regions
[124.170s][info][gc,marking  ] GC(60) Concurrent Rebuild Remembered Sets and Scrub Regions 23.035ms
[124.170s][info][gc,start    ] GC(60) Pause Cleanup
[124.170s][info][gc          ] GC(60) Pause Cleanup 88M->88M(248M) 0.145ms
[124.170s][info][gc,cpu      ] GC(60) User=0.00s Sys=0.00s Real=0.00s
[124.170s][info][gc,marking  ] GC(60) Concurrent Clear Claimed Marks
[124.170s][info][gc,marking  ] GC(60) Concurrent Clear Claimed Marks 0.167ms
[124.170s][info][gc,marking  ] GC(60) Concurrent Cleanup for Next Mark
[124.171s][info][gc,marking  ] GC(60) Concurrent Cleanup for Next Mark 0.404ms
[124.171s][info][gc          ] GC(60) Concurrent Mark Cycle 68.421ms
[125.608s][info][gc,start    ] GC(61) Pause Young (Prepare Mixed) (G1 Evacuation Pause)
[125.608s][info][gc,task     ] GC(61) Using 5 workers of 8 for evacuation
[125.614s][info][gc,phases   ] GC(61)   Pre Evacuate Collection Set: 0.1ms
[125.614s][info][gc,phases   ] GC(61)   Merge Heap Roots: 0.1ms
[125.614s][info][gc,phases   ] GC(61)   Evacuate Collection Set: 6.0ms
[125.614s][info][gc,phases   ] GC(61)   Post Evacuate Collection Set: 0.4ms
[125.614s][info][gc,phases   ] GC(61)   Other: 0.1ms
[125.614s][info][gc,heap     ] GC(61) Eden regions: 70->0(70)
[125.615s][info][gc,heap     ] GC(61) Survivor regions: 4->4(10)
[125.615s][info][gc,heap     ] GC(61) Old regions: 15->15
[125.615s][info][gc,heap     ] GC(61) Humongous regions: 24->24
[125.615s][info][gc,metaspace] GC(61) Metaspace: 54471K(55488K)->54471K(55488K) NonClass: 47802K(48320K)->47802K(48320K) Class: 6668K(7168K)->6668K(7168K)
[125.615s][info][gc          ] GC(61) Pause Young (Prepare Mixed) (G1 Evacuation Pause) 223M->84M(248M) 6.931ms
[125.615s][info][gc,cpu      ] GC(61) User=0.02s Sys=0.00s Real=0.01s
[127.127s][info][gc,start    ] GC(62) Pause Young (Mixed) (G1 Evacuation Pause)
[127.127s][info][gc,task     ] GC(62) Using 5 workers of 8 for evacuation
[127.138s][info][gc,phases   ] GC(62)   Pre Evacuate Collection Set: 0.1ms
[127.138s][info][gc,phases   ] GC(62)   Merge Heap Roots: 0.1ms
[127.138s][info][gc,phases   ] GC(62)   Evacuate Collection Set: 9.8ms
[127.138s][info][gc,phases   ] GC(62)   Post Evacuate Collection Set: 0.5ms
[127.138s][info][gc,phases   ] GC(62)   Other: 0.1ms
[127.138s][info][gc,heap     ] GC(62) Eden regions: 70->0(68)
[127.138s][info][gc,heap     ] GC(62) Survivor regions: 4->5(10)
[127.138s][info][gc,heap     ] GC(62) Old regions: 15->15
[127.138s][info][gc,heap     ] GC(62) Humongous regions: 24->24
[127.138s][info][gc,metaspace] GC(62) Metaspace: 54471K(55488K)->54471K(55488K) NonClass: 47802K(48320K)->47802K(48320K) Class: 6668K(7168K)->6668K(7168K)
[127.138s][info][gc          ] GC(62) Pause Young (Mixed) (G1 Evacuation Pause) 224M->85M(248M) 10.970ms
[127.138s][info][gc,cpu      ] GC(62) User=0.00s Sys=0.00s Real=0.01s
[128.644s][info][gc,start    ] GC(63) Pause Young (Concurrent Start) (G1 Evacuation Pause)
[128.644s][info][gc,task     ] GC(63) Using 5 workers of 8 for evacuation
[128.654s][info][gc,phases   ] GC(63)   Pre Evacuate Collection Set: 0.1ms
[128.654s][info][gc,phases   ] GC(63)   Merge Heap Roots: 0.1ms
[128.654s][info][gc,phases   ] GC(63)   Evacuate Collection Set: 9.2ms
[128.654s][info][gc,phases   ] GC(63)   Post Evacuate Collection Set: 0.5ms
[128.654s][info][gc,phases   ] GC(63)   Other: 0.1ms
[128.654s][info][gc,heap     ] GC(63) Eden regions: 68->0(68)
[128.654s][info][gc,heap     ] GC(63) Survivor regions: 5->5(10)
[128.654s][info][gc,heap     ] GC(63) Old regions: 15->15
[128.654s][info][gc,heap     ] GC(63) Humongous regions: 24->24
[128.654s][info][gc,metaspace] GC(63) Metaspace: 54471K(55488K)->54471K(55488K) NonClass: 47803K(48320K)->47803K(48320K) Class: 6668K(7168K)->6668K(7168K)
[128.654s][info][gc          ] GC(63) Pause Young (Concurrent Start) (G1 Evacuation Pause) 221M->85M(248M) 10.456ms
[128.655s][info][gc          ] GC(64) Concurrent Mark Cycle
[128.655s][info][gc,cpu      ] GC(63) User=0.00s Sys=0.00s Real=0.01s
[128.655s][info][gc,marking  ] GC(64) Concurrent Scan Root Regions
[128.661s][info][gc,marking  ] GC(64) Concurrent Scan Root Regions 6.725ms
[128.661s][info][gc,marking  ] GC(64) Concurrent Mark
[128.661s][info][gc,marking  ] GC(64) Concurrent Mark From Roots
[128.661s][info][gc,task     ] GC(64) Using 2 workers of 2 for marking
[128.700s][info][gc,marking  ] GC(64) Concurrent Mark From Roots 38.273ms
[128.700s][info][gc,marking  ] GC(64) Concurrent Preclean
[128.700s][info][gc,marking  ] GC(64) Concurrent Preclean 0.112ms
[128.700s][info][gc,start    ] GC(64) Pause Remark
[128.705s][info][gc          ] GC(64) Pause Remark 90M->90M(248M) 5.236ms
[128.705s][info][gc,cpu      ] GC(64) User=0.03s Sys=0.00s Real=0.01s
[128.706s][info][gc,marking  ] GC(64) Concurrent Mark 44.190ms
[128.706s][info][gc,marking  ] GC(64) Concurrent Rebuild Remembered Sets and Scrub Regions
[128.722s][info][gc,marking  ] GC(64) Concurrent Rebuild Remembered Sets and Scrub Regions 16.397ms
[128.722s][info][gc,start    ] GC(64) Pause Cleanup
[128.722s][info][gc          ] GC(64) Pause Cleanup 92M->92M(248M) 0.163ms
[128.722s][info][gc,cpu      ] GC(64) User=0.00s Sys=0.00s Real=0.00s
[128.723s][info][gc,marking  ] GC(64) Concurrent Clear Claimed Marks
[128.723s][info][gc,marking  ] GC(64) Concurrent Clear Claimed Marks 0.118ms
[128.723s][info][gc,marking  ] GC(64) Concurrent Cleanup for Next Mark
[128.723s][info][gc,marking  ] GC(64) Concurrent Cleanup for Next Mark 0.449ms
[128.723s][info][gc          ] GC(64) Concurrent Mark Cycle 68.742ms
[130.044s][info][gc,start    ] GC(65) Pause Young (Prepare Mixed) (G1 Evacuation Pause)
[130.044s][info][gc,task     ] GC(65) Using 5 workers of 8 for evacuation
[130.050s][info][gc,phases   ] GC(65)   Pre Evacuate Collection Set: 0.2ms
[130.050s][info][gc,phases   ] GC(65)   Merge Heap Roots: 0.1ms
[130.050s][info][gc,phases   ] GC(65)   Evacuate Collection Set: 5.3ms
[130.050s][info][gc,phases   ] GC(65)   Post Evacuate Collection Set: 0.6ms
[130.050s][info][gc,phases   ] GC(65)   Other: 0.1ms
[130.050s][info][gc,heap     ] GC(65) Eden regions: 68->0(71)
[130.050s][info][gc,heap     ] GC(65) Survivor regions: 5->3(10)
[130.050s][info][gc,heap     ] GC(65) Old regions: 15->15
[130.050s][info][gc,heap     ] GC(65) Humongous regions: 24->24
[130.050s][info][gc,metaspace] GC(65) Metaspace: 54476K(55488K)->54476K(55488K) NonClass: 47807K(48320K)->47807K(48320K) Class: 6668K(7168K)->6668K(7168K)
[130.050s][info][gc          ] GC(65) Pause Young (Prepare Mixed) (G1 Evacuation Pause) 221M->81M(248M) 6.538ms
[130.050s][info][gc,cpu      ] GC(65) User=0.00s Sys=0.00s Real=0.01s
[131.727s][info][gc,start    ] GC(66) Pause Young (Mixed) (G1 Evacuation Pause)
[131.727s][info][gc,task     ] GC(66) Using 5 workers of 8 for evacuation
[131.742s][info][gc,phases   ] GC(66)   Pre Evacuate Collection Set: 0.1ms
[131.742s][info][gc,phases   ] GC(66)   Merge Heap Roots: 0.1ms
[131.742s][info][gc,phases   ] GC(66)   Evacuate Collection Set: 13.6ms
[131.742s][info][gc,phases   ] GC(66)   Post Evacuate Collection Set: 1.0ms
[131.742s][info][gc,phases   ] GC(66)   Other: 0.1ms
[131.742s][info][gc,heap     ] GC(66) Eden regions: 71->0(65)
[131.742s][info][gc,heap     ] GC(66) Survivor regions: 3->7(10)
[131.742s][info][gc,heap     ] GC(66) Old regions: 15->14
[131.742s][info][gc,heap     ] GC(66) Humongous regions: 24->24
[131.742s][info][gc,metaspace] GC(66) Metaspace: 54476K(55488K)->54476K(55488K) NonClass: 47807K(48320K)->47807K(48320K) Class: 6668K(7168K)->6668K(7168K)
[131.742s][info][gc          ] GC(66) Pause Young (Mixed) (G1 Evacuation Pause) 223M->88M(248M) 15.182ms
[131.742s][info][gc,cpu      ] GC(66) User=0.05s Sys=0.00s Real=0.02s
[133.216s][info][gc,start    ] GC(67) Pause Young (Concurrent Start) (G1 Evacuation Pause)
[133.216s][info][gc,task     ] GC(67) Using 5 workers of 8 for evacuation
[133.224s][info][gc,phases   ] GC(67)   Pre Evacuate Collection Set: 0.4ms
[133.224s][info][gc,phases   ] GC(67)   Merge Heap Roots: 0.1ms
[133.224s][info][gc,phases   ] GC(67)   Evacuate Collection Set: 6.9ms
[133.224s][info][gc,phases   ] GC(67)   Post Evacuate Collection Set: 0.4ms
[133.224s][info][gc,phases   ] GC(67)   Other: 0.1ms
[133.224s][info][gc,heap     ] GC(67) Eden regions: 65->0(70)
[133.224s][info][gc,heap     ] GC(67) Survivor regions: 7->4(9)
[133.224s][info][gc,heap     ] GC(67) Old regions: 14->15
[133.224s][info][gc,heap     ] GC(67) Humongous regions: 24->24
[133.225s][info][gc,metaspace] GC(67) Metaspace: 54478K(55488K)->54478K(55488K) NonClass: 47809K(48320K)->47809K(48320K) Class: 6668K(7168K)->6668K(7168K)
[133.225s][info][gc          ] GC(67) Pause Young (Concurrent Start) (G1 Evacuation Pause) 218M->82M(248M) 8.341ms
[133.225s][info][gc          ] GC(68) Concurrent Mark Cycle
[133.225s][info][gc,cpu      ] GC(67) User=0.02s Sys=0.00s Real=0.01s
[133.225s][info][gc,marking  ] GC(68) Concurrent Scan Root Regions
[133.230s][info][gc,marking  ] GC(68) Concurrent Scan Root Regions 5.587ms
[133.230s][info][gc,marking  ] GC(68) Concurrent Mark
[133.230s][info][gc,marking  ] GC(68) Concurrent Mark From Roots
[133.230s][info][gc,task     ] GC(68) Using 2 workers of 2 for marking
[133.274s][info][gc,marking  ] GC(68) Concurrent Mark From Roots 43.867ms
[133.274s][info][gc,marking  ] GC(68) Concurrent Preclean
[133.274s][info][gc,marking  ] GC(68) Concurrent Preclean 0.062ms
[133.274s][info][gc,start    ] GC(68) Pause Remark
[133.280s][info][gc          ] GC(68) Pause Remark 88M->88M(248M) 5.321ms
[133.280s][info][gc,cpu      ] GC(68) User=0.00s Sys=0.00s Real=0.01s
[133.280s][info][gc,marking  ] GC(68) Concurrent Mark 49.581ms
[133.280s][info][gc,marking  ] GC(68) Concurrent Rebuild Remembered Sets and Scrub Regions
[133.295s][info][gc,marking  ] GC(68) Concurrent Rebuild Remembered Sets and Scrub Regions 15.232ms
[133.295s][info][gc,start    ] GC(68) Pause Cleanup
[133.295s][info][gc          ] GC(68) Pause Cleanup 89M->89M(248M) 0.127ms
[133.295s][info][gc,cpu      ] GC(68) User=0.00s Sys=0.00s Real=0.00s
[133.296s][info][gc,marking  ] GC(68) Concurrent Clear Claimed Marks
[133.296s][info][gc,marking  ] GC(68) Concurrent Clear Claimed Marks 0.102ms
[133.296s][info][gc,marking  ] GC(68) Concurrent Cleanup for Next Mark
[133.296s][info][gc,marking  ] GC(68) Concurrent Cleanup for Next Mark 0.387ms
[133.296s][info][gc          ] GC(68) Concurrent Mark Cycle 71.470ms
[134.695s][info][gc,start    ] GC(69) Pause Young (Prepare Mixed) (G1 Evacuation Pause)
[134.695s][info][gc,task     ] GC(69) Using 5 workers of 8 for evacuation
[134.703s][info][gc,phases   ] GC(69)   Pre Evacuate Collection Set: 0.2ms
[134.703s][info][gc,phases   ] GC(69)   Merge Heap Roots: 0.1ms
[134.703s][info][gc,phases   ] GC(69)   Evacuate Collection Set: 7.1ms
[134.703s][info][gc,phases   ] GC(69)   Post Evacuate Collection Set: 0.4ms
[134.703s][info][gc,phases   ] GC(69)   Other: 0.1ms
[134.703s][info][gc,heap     ] GC(69) Eden regions: 70->0(70)
[134.703s][info][gc,heap     ] GC(69) Survivor regions: 4->4(10)
[134.703s][info][gc,heap     ] GC(69) Old regions: 15->15
[134.703s][info][gc,heap     ] GC(69) Humongous regions: 24->24
[134.703s][info][gc,metaspace] GC(69) Metaspace: 54478K(55488K)->54478K(55488K) NonClass: 47809K(48320K)->47809K(48320K) Class: 6668K(7168K)->6668K(7168K)
[134.704s][info][gc          ] GC(69) Pause Young (Prepare Mixed) (G1 Evacuation Pause) 222M->82M(248M) 8.174ms
[134.704s][info][gc,cpu      ] GC(69) User=0.00s Sys=0.00s Real=0.01s
[136.081s][info][gc,start    ] GC(70) Pause Young (Mixed) (G1 Evacuation Pause)
[136.081s][info][gc,task     ] GC(70) Using 5 workers of 8 for evacuation
[136.092s][info][gc,phases   ] GC(70)   Pre Evacuate Collection Set: 0.2ms
[136.092s][info][gc,phases   ] GC(70)   Merge Heap Roots: 0.1ms
[136.092s][info][gc,phases   ] GC(70)   Evacuate Collection Set: 9.1ms
[136.092s][info][gc,phases   ] GC(70)   Post Evacuate Collection Set: 0.8ms
[136.092s][info][gc,phases   ] GC(70)   Other: 0.1ms
[136.092s][info][gc,heap     ] GC(70) Eden regions: 70->0(71)
[136.092s][info][gc,heap     ] GC(70) Survivor regions: 4->3(10)
[136.092s][info][gc,heap     ] GC(70) Old regions: 15->14
[136.092s][info][gc,heap     ] GC(70) Humongous regions: 24->24
[136.092s][info][gc,metaspace] GC(70) Metaspace: 54478K(55488K)->54478K(55488K) NonClass: 47809K(48320K)->47809K(48320K) Class: 6668K(7168K)->6668K(7168K)
[136.092s][info][gc          ] GC(70) Pause Young (Mixed) (G1 Evacuation Pause) 222M->81M(248M) 10.516ms
[136.092s][info][gc,cpu      ] GC(70) User=0.00s Sys=0.00s Real=0.01s
[137.493s][info][gc,start    ] GC(71) Pause Young (Concurrent Start) (GCLocker Initiated GC)
[137.493s][info][gc,task     ] GC(71) Using 5 workers of 8 for evacuation
[137.500s][info][gc,phases   ] GC(71)   Pre Evacuate Collection Set: 0.1ms
[137.500s][info][gc,phases   ] GC(71)   Merge Heap Roots: 0.1ms
[137.500s][info][gc,phases   ] GC(71)   Evacuate Collection Set: 6.4ms
[137.500s][info][gc,phases   ] GC(71)   Post Evacuate Collection Set: 0.4ms
[137.500s][info][gc,phases   ] GC(71)   Other: 0.1ms
[137.500s][info][gc,heap     ] GC(71) Eden regions: 71->0(70)
[137.500s][info][gc,heap     ] GC(71) Survivor regions: 3->4(10)
[137.500s][info][gc,heap     ] GC(71) Old regions: 14->14
[137.500s][info][gc,heap     ] GC(71) Humongous regions: 24->24
[137.500s][info][gc,metaspace] GC(71) Metaspace: 54478K(55488K)->54478K(55488K) NonClass: 47809K(48320K)->47809K(48320K) Class: 6668K(7168K)->6668K(7168K)
[137.500s][info][gc          ] GC(71) Pause Young (Concurrent Start) (GCLocker Initiated GC) 223M->82M(248M) 7.577ms
[137.500s][info][gc,cpu      ] GC(71) User=0.02s Sys=0.00s Real=0.01s
[137.500s][info][gc          ] GC(72) Concurrent Mark Cycle
[137.500s][info][gc,marking  ] GC(72) Concurrent Scan Root Regions
[137.506s][info][gc,marking  ] GC(72) Concurrent Scan Root Regions 5.819ms
[137.506s][info][gc,marking  ] GC(72) Concurrent Mark
[137.506s][info][gc,marking  ] GC(72) Concurrent Mark From Roots
[137.506s][info][gc,task     ] GC(72) Using 2 workers of 2 for marking
[137.556s][info][gc,marking  ] GC(72) Concurrent Mark From Roots 49.541ms
[137.556s][info][gc,marking  ] GC(72) Concurrent Preclean
[137.556s][info][gc,marking  ] GC(72) Concurrent Preclean 0.082ms
[137.556s][info][gc,start    ] GC(72) Pause Remark
[137.561s][info][gc          ] GC(72) Pause Remark 88M->88M(248M) 4.875ms
[137.561s][info][gc,cpu      ] GC(72) User=0.00s Sys=0.00s Real=0.01s
[137.561s][info][gc,marking  ] GC(72) Concurrent Mark 54.930ms
[137.561s][info][gc,marking  ] GC(72) Concurrent Rebuild Remembered Sets and Scrub Regions
[137.581s][info][gc,marking  ] GC(72) Concurrent Rebuild Remembered Sets and Scrub Regions 20.293ms
[137.582s][info][gc,start    ] GC(72) Pause Cleanup
[137.582s][info][gc          ] GC(72) Pause Cleanup 91M->91M(248M) 0.116ms
[137.582s][info][gc,cpu      ] GC(72) User=0.00s Sys=0.00s Real=0.00s
[137.582s][info][gc,marking  ] GC(72) Concurrent Clear Claimed Marks
[137.582s][info][gc,marking  ] GC(72) Concurrent Clear Claimed Marks 0.109ms
[137.582s][info][gc,marking  ] GC(72) Concurrent Cleanup for Next Mark
[137.582s][info][gc,marking  ] GC(72) Concurrent Cleanup for Next Mark 0.385ms
[137.582s][info][gc          ] GC(72) Concurrent Mark Cycle 82.235ms
[138.877s][info][gc,start    ] GC(73) Pause Young (Prepare Mixed) (G1 Evacuation Pause)
[138.877s][info][gc,task     ] GC(73) Using 5 workers of 8 for evacuation
[138.881s][info][gc,phases   ] GC(73)   Pre Evacuate Collection Set: 0.1ms
[138.881s][info][gc,phases   ] GC(73)   Merge Heap Roots: 0.1ms
[138.881s][info][gc,phases   ] GC(73)   Evacuate Collection Set: 3.4ms
[138.881s][info][gc,phases   ] GC(73)   Post Evacuate Collection Set: 0.4ms
[138.881s][info][gc,phases   ] GC(73)   Other: 0.1ms
[138.881s][info][gc,heap     ] GC(73) Eden regions: 70->0(72)
[138.881s][info][gc,heap     ] GC(73) Survivor regions: 4->2(10)
[138.881s][info][gc,heap     ] GC(73) Old regions: 14->14
[138.881s][info][gc,heap     ] GC(73) Humongous regions: 24->24
[138.881s][info][gc,metaspace] GC(73) Metaspace: 54482K(55488K)->54482K(55488K) NonClass: 47813K(48320K)->47813K(48320K) Class: 6668K(7168K)->6668K(7168K)
[138.881s][info][gc          ] GC(73) Pause Young (Prepare Mixed) (G1 Evacuation Pause) 222M->78M(248M) 4.361ms
[138.881s][info][gc,cpu      ] GC(73) User=0.03s Sys=0.00s Real=0.00s
[140.302s][info][gc,start    ] GC(74) Pause Young (Mixed) (G1 Evacuation Pause)
[140.302s][info][gc,task     ] GC(74) Using 5 workers of 8 for evacuation
[140.309s][info][gc,phases   ] GC(74)   Pre Evacuate Collection Set: 0.1ms
[140.309s][info][gc,phases   ] GC(74)   Merge Heap Roots: 0.1ms
[140.309s][info][gc,phases   ] GC(74)   Evacuate Collection Set: 6.2ms
[140.309s][info][gc,phases   ] GC(74)   Post Evacuate Collection Set: 0.6ms
[140.309s][info][gc,phases   ] GC(74)   Other: 0.1ms
[140.309s][info][gc,heap     ] GC(74) Eden regions: 72->0(72)
[140.309s][info][gc,heap     ] GC(74) Survivor regions: 2->2(10)
[140.309s][info][gc,heap     ] GC(74) Old regions: 14->14
[140.309s][info][gc,heap     ] GC(74) Humongous regions: 24->24
[140.309s][info][gc,metaspace] GC(74) Metaspace: 54495K(55552K)->54495K(55552K) NonClass: 47827K(48384K)->47827K(48384K) Class: 6668K(7168K)->6668K(7168K)
[140.309s][info][gc          ] GC(74) Pause Young (Mixed) (G1 Evacuation Pause) 222M->79M(248M) 7.422ms
[140.309s][info][gc,cpu      ] GC(74) User=0.00s Sys=0.00s Real=0.01s
[141.780s][info][gc,start    ] GC(75) Pause Young (Concurrent Start) (G1 Evacuation Pause)
[141.780s][info][gc,task     ] GC(75) Using 5 workers of 8 for evacuation
[141.785s][info][gc,phases   ] GC(75)   Pre Evacuate Collection Set: 0.1ms
[141.785s][info][gc,phases   ] GC(75)   Merge Heap Roots: 0.1ms
[141.785s][info][gc,phases   ] GC(75)   Evacuate Collection Set: 3.9ms
[141.785s][info][gc,phases   ] GC(75)   Post Evacuate Collection Set: 0.5ms
[141.785s][info][gc,phases   ] GC(75)   Other: 0.1ms
[141.785s][info][gc,heap     ] GC(75) Eden regions: 72->0(72)
[141.785s][info][gc,heap     ] GC(75) Survivor regions: 2->2(10)
[141.785s][info][gc,heap     ] GC(75) Old regions: 14->14
[141.785s][info][gc,heap     ] GC(75) Humongous regions: 24->24
[141.785s][info][gc,metaspace] GC(75) Metaspace: 54496K(55552K)->54496K(55552K) NonClass: 47828K(48384K)->47828K(48384K) Class: 6668K(7168K)->6668K(7168K)
[141.785s][info][gc          ] GC(75) Pause Young (Concurrent Start) (G1 Evacuation Pause) 223M->77M(248M) 5.109ms
[141.785s][info][gc          ] GC(76) Concurrent Mark Cycle
[141.785s][info][gc,cpu      ] GC(75) User=0.00s Sys=0.00s Real=0.01s
[141.785s][info][gc,marking  ] GC(76) Concurrent Scan Root Regions
[141.788s][info][gc,marking  ] GC(76) Concurrent Scan Root Regions 2.788ms
[141.788s][info][gc,marking  ] GC(76) Concurrent Mark
[141.788s][info][gc,marking  ] GC(76) Concurrent Mark From Roots
[141.788s][info][gc,task     ] GC(76) Using 2 workers of 2 for marking
[141.842s][info][gc,marking  ] GC(76) Concurrent Mark From Roots 54.084ms
[141.842s][info][gc,marking  ] GC(76) Concurrent Preclean
[141.842s][info][gc,marking  ] GC(76) Concurrent Preclean 0.089ms
[141.842s][info][gc,start    ] GC(76) Pause Remark
[141.847s][info][gc          ] GC(76) Pause Remark 83M->83M(248M) 4.515ms
[141.847s][info][gc,cpu      ] GC(76) User=0.03s Sys=0.00s Real=0.00s
[141.847s][info][gc,marking  ] GC(76) Concurrent Mark 59.012ms
[141.847s][info][gc,marking  ] GC(76) Concurrent Rebuild Remembered Sets and Scrub Regions
[141.859s][info][gc,marking  ] GC(76) Concurrent Rebuild Remembered Sets and Scrub Regions 11.992ms
[141.859s][info][gc,start    ] GC(76) Pause Cleanup
[141.859s][info][gc          ] GC(76) Pause Cleanup 85M->85M(248M) 0.153ms
[141.859s][info][gc,cpu      ] GC(76) User=0.00s Sys=0.00s Real=0.00s
[141.859s][info][gc,marking  ] GC(76) Concurrent Clear Claimed Marks
[141.860s][info][gc,marking  ] GC(76) Concurrent Clear Claimed Marks 0.064ms
[141.860s][info][gc,marking  ] GC(76) Concurrent Cleanup for Next Mark
[141.860s][info][gc,marking  ] GC(76) Concurrent Cleanup for Next Mark 0.248ms
[141.860s][info][gc          ] GC(76) Concurrent Mark Cycle 74.587ms
[143.321s][info][gc,start    ] GC(77) Pause Young (Prepare Mixed) (G1 Evacuation Pause)
[143.321s][info][gc,task     ] GC(77) Using 5 workers of 8 for evacuation
[143.325s][info][gc,phases   ] GC(77)   Pre Evacuate Collection Set: 0.1ms
[143.325s][info][gc,phases   ] GC(77)   Merge Heap Roots: 0.1ms
[143.325s][info][gc,phases   ] GC(77)   Evacuate Collection Set: 3.3ms
[143.325s][info][gc,phases   ] GC(77)   Post Evacuate Collection Set: 0.4ms
[143.326s][info][gc,phases   ] GC(77)   Other: 0.1ms
[143.326s][info][gc,heap     ] GC(77) Eden regions: 72->0(73)
[143.326s][info][gc,heap     ] GC(77) Survivor regions: 2->1(10)
[143.326s][info][gc,heap     ] GC(77) Old regions: 14->14
[143.326s][info][gc,heap     ] GC(77) Humongous regions: 24->24
[143.326s][info][gc,metaspace] GC(77) Metaspace: 54496K(55552K)->54496K(55552K) NonClass: 47828K(48384K)->47828K(48384K) Class: 6668K(7168K)->6668K(7168K)
[143.326s][info][gc          ] GC(77) Pause Young (Prepare Mixed) (G1 Evacuation Pause) 221M->77M(248M) 4.327ms
[143.326s][info][gc,cpu      ] GC(77) User=0.00s Sys=0.00s Real=0.00s
[145.019s][info][gc,start    ] GC(78) Pause Young (Mixed) (G1 Evacuation Pause)
[145.019s][info][gc,task     ] GC(78) Using 5 workers of 8 for evacuation
[145.024s][info][gc,phases   ] GC(78)   Pre Evacuate Collection Set: 0.1ms
[145.024s][info][gc,phases   ] GC(78)   Merge Heap Roots: 0.1ms
[145.024s][info][gc,phases   ] GC(78)   Evacuate Collection Set: 3.9ms
[145.024s][info][gc,phases   ] GC(78)   Post Evacuate Collection Set: 0.5ms
[145.024s][info][gc,phases   ] GC(78)   Other: 0.1ms
[145.024s][info][gc,heap     ] GC(78) Eden regions: 73->0(73)
[145.024s][info][gc,heap     ] GC(78) Survivor regions: 1->1(10)
[145.024s][info][gc,heap     ] GC(78) Old regions: 14->14
[145.024s][info][gc,heap     ] GC(78) Humongous regions: 24->24
[145.024s][info][gc,metaspace] GC(78) Metaspace: 54496K(55552K)->54496K(55552K) NonClass: 47828K(48384K)->47828K(48384K) Class: 6668K(7168K)->6668K(7168K)
[145.024s][info][gc          ] GC(78) Pause Young (Mixed) (G1 Evacuation Pause) 223M->77M(248M) 5.050ms
[145.024s][info][gc,cpu      ] GC(78) User=0.00s Sys=0.00s Real=0.00s
[146.737s][info][gc,start    ] GC(79) Pause Young (Concurrent Start) (G1 Evacuation Pause)
[146.737s][info][gc,task     ] GC(79) Using 5 workers of 8 for evacuation
[146.741s][info][gc,phases   ] GC(79)   Pre Evacuate Collection Set: 0.1ms
[146.741s][info][gc,phases   ] GC(79)   Merge Heap Roots: 0.1ms
[146.741s][info][gc,phases   ] GC(79)   Evacuate Collection Set: 2.9ms
[146.741s][info][gc,phases   ] GC(79)   Post Evacuate Collection Set: 0.3ms
[146.741s][info][gc,phases   ] GC(79)   Other: 0.1ms
[146.741s][info][gc,heap     ] GC(79) Eden regions: 73->0(72)
[146.741s][info][gc,heap     ] GC(79) Survivor regions: 1->2(10)
[146.741s][info][gc,heap     ] GC(79) Old regions: 14->14
[146.741s][info][gc,heap     ] GC(79) Humongous regions: 24->24
[146.741s][info][gc,metaspace] GC(79) Metaspace: 54496K(55552K)->54496K(55552K) NonClass: 47828K(48384K)->47828K(48384K) Class: 6668K(7168K)->6668K(7168K)
[146.741s][info][gc          ] GC(79) Pause Young (Concurrent Start) (G1 Evacuation Pause) 223M->77M(248M) 3.883ms
[146.741s][info][gc          ] GC(80) Concurrent Mark Cycle
[146.741s][info][gc,cpu      ] GC(79) User=0.00s Sys=0.00s Real=0.00s
[146.741s][info][gc,marking  ] GC(80) Concurrent Scan Root Regions
[146.743s][info][gc,marking  ] GC(80) Concurrent Scan Root Regions 2.030ms
[146.743s][info][gc,marking  ] GC(80) Concurrent Mark
[146.743s][info][gc,marking  ] GC(80) Concurrent Mark From Roots
[146.744s][info][gc,task     ] GC(80) Using 2 workers of 2 for marking
[146.778s][info][gc,marking  ] GC(80) Concurrent Mark From Roots 34.142ms
[146.778s][info][gc,marking  ] GC(80) Concurrent Preclean
[146.778s][info][gc,marking  ] GC(80) Concurrent Preclean 0.068ms
[146.778s][info][gc,start    ] GC(80) Pause Remark
[146.782s][info][gc          ] GC(80) Pause Remark 82M->82M(248M) 4.500ms
[146.782s][info][gc,cpu      ] GC(80) User=0.00s Sys=0.02s Real=0.00s
[146.782s][info][gc,marking  ] GC(80) Concurrent Mark 38.953ms
[146.782s][info][gc,marking  ] GC(80) Concurrent Rebuild Remembered Sets and Scrub Regions
[146.796s][info][gc,marking  ] GC(80) Concurrent Rebuild Remembered Sets and Scrub Regions 13.401ms
[146.796s][info][gc,start    ] GC(80) Pause Cleanup
[146.796s][info][gc          ] GC(80) Pause Cleanup 82M->82M(248M) 0.098ms
[146.796s][info][gc,cpu      ] GC(80) User=0.00s Sys=0.00s Real=0.00s
[146.796s][info][gc,marking  ] GC(80) Concurrent Clear Claimed Marks
[146.796s][info][gc,marking  ] GC(80) Concurrent Clear Claimed Marks 0.106ms
[146.796s][info][gc,marking  ] GC(80) Concurrent Cleanup for Next Mark
[146.797s][info][gc,marking  ] GC(80) Concurrent Cleanup for Next Mark 0.612ms
[146.797s][info][gc          ] GC(80) Concurrent Mark Cycle 55.614ms
[148.665s][info][gc,start    ] GC(81) Pause Young (Prepare Mixed) (G1 Evacuation Pause)
[148.665s][info][gc,task     ] GC(81) Using 5 workers of 8 for evacuation
[148.669s][info][gc,phases   ] GC(81)   Pre Evacuate Collection Set: 0.1ms
[148.669s][info][gc,phases   ] GC(81)   Merge Heap Roots: 0.1ms
[148.669s][info][gc,phases   ] GC(81)   Evacuate Collection Set: 3.2ms
[148.669s][info][gc,phases   ] GC(81)   Post Evacuate Collection Set: 0.3ms
[148.669s][info][gc,phases   ] GC(81)   Other: 0.1ms
[148.669s][info][gc,heap     ] GC(81) Eden regions: 72->0(73)
[148.669s][info][gc,heap     ] GC(81) Survivor regions: 2->1(10)
[148.669s][info][gc,heap     ] GC(81) Old regions: 14->14
[148.669s][info][gc,heap     ] GC(81) Humongous regions: 24->24
[148.669s][info][gc,metaspace] GC(81) Metaspace: 54498K(55552K)->54498K(55552K) NonClass: 47829K(48384K)->47829K(48384K) Class: 6668K(7168K)->6668K(7168K)
[148.669s][info][gc          ] GC(81) Pause Young (Prepare Mixed) (G1 Evacuation Pause) 221M->76M(248M) 4.044ms
[148.669s][info][gc,cpu      ] GC(81) User=0.00s Sys=0.00s Real=0.00s
[150.812s][info][gc,start    ] GC(82) Pause Young (Mixed) (G1 Evacuation Pause)
[150.812s][info][gc,task     ] GC(82) Using 5 workers of 8 for evacuation
[150.815s][info][gc,phases   ] GC(82)   Pre Evacuate Collection Set: 0.1ms
[150.815s][info][gc,phases   ] GC(82)   Merge Heap Roots: 0.1ms
[150.815s][info][gc,phases   ] GC(82)   Evacuate Collection Set: 2.6ms
[150.815s][info][gc,phases   ] GC(82)   Post Evacuate Collection Set: 0.3ms
[150.815s][info][gc,phases   ] GC(82)   Other: 0.1ms
[150.815s][info][gc,heap     ] GC(82) Eden regions: 73->0(73)
[150.815s][info][gc,heap     ] GC(82) Survivor regions: 1->1(10)
[150.815s][info][gc,heap     ] GC(82) Old regions: 14->14
[150.815s][info][gc,heap     ] GC(82) Humongous regions: 24->24
[150.815s][info][gc,metaspace] GC(82) Metaspace: 54499K(55552K)->54499K(55552K) NonClass: 47830K(48384K)->47830K(48384K) Class: 6668K(7168K)->6668K(7168K)
[150.815s][info][gc          ] GC(82) Pause Young (Mixed) (G1 Evacuation Pause) 222M->76M(248M) 3.428ms
[150.815s][info][gc,cpu      ] GC(82) User=0.00s Sys=0.00s Real=0.00s
[153.315s][info][gc,start    ] GC(83) Pause Young (Concurrent Start) (G1 Evacuation Pause)
[153.315s][info][gc,task     ] GC(83) Using 5 workers of 8 for evacuation
[153.318s][info][gc,phases   ] GC(83)   Pre Evacuate Collection Set: 0.1ms
[153.318s][info][gc,phases   ] GC(83)   Merge Heap Roots: 0.1ms
[153.318s][info][gc,phases   ] GC(83)   Evacuate Collection Set: 2.6ms
[153.318s][info][gc,phases   ] GC(83)   Post Evacuate Collection Set: 0.4ms
[153.318s][info][gc,phases   ] GC(83)   Other: 0.1ms
[153.318s][info][gc,heap     ] GC(83) Eden regions: 73->0(73)
[153.318s][info][gc,heap     ] GC(83) Survivor regions: 1->1(10)
[153.318s][info][gc,heap     ] GC(83) Old regions: 14->14
[153.318s][info][gc,heap     ] GC(83) Humongous regions: 24->24
[153.318s][info][gc,metaspace] GC(83) Metaspace: 54500K(55552K)->54500K(55552K) NonClass: 47832K(48384K)->47832K(48384K) Class: 6668K(7168K)->6668K(7168K)
[153.318s][info][gc          ] GC(83) Pause Young (Concurrent Start) (G1 Evacuation Pause) 222M->75M(248M) 3.786ms
[153.318s][info][gc,cpu      ] GC(83) User=0.00s Sys=0.00s Real=0.00s
[153.318s][info][gc          ] GC(84) Concurrent Mark Cycle
[153.319s][info][gc,marking  ] GC(84) Concurrent Scan Root Regions
[153.321s][info][gc,marking  ] GC(84) Concurrent Scan Root Regions 2.470ms
[153.321s][info][gc,marking  ] GC(84) Concurrent Mark
[153.321s][info][gc,marking  ] GC(84) Concurrent Mark From Roots
[153.321s][info][gc,task     ] GC(84) Using 2 workers of 2 for marking
[153.353s][info][gc,marking  ] GC(84) Concurrent Mark From Roots 31.666ms
[153.353s][info][gc,marking  ] GC(84) Concurrent Preclean
[153.353s][info][gc,marking  ] GC(84) Concurrent Preclean 0.064ms
[153.353s][info][gc,start    ] GC(84) Pause Remark
[153.357s][info][gc          ] GC(84) Pause Remark 78M->78M(248M) 4.596ms
[153.358s][info][gc,cpu      ] GC(84) User=0.00s Sys=0.00s Real=0.00s
[153.358s][info][gc,marking  ] GC(84) Concurrent Mark 36.549ms
[153.358s][info][gc,marking  ] GC(84) Concurrent Rebuild Remembered Sets and Scrub Regions
[153.366s][info][gc,marking  ] GC(84) Concurrent Rebuild Remembered Sets and Scrub Regions 8.772ms
[153.367s][info][gc,start    ] GC(84) Pause Cleanup
[153.367s][info][gc          ] GC(84) Pause Cleanup 78M->78M(248M) 0.153ms
[153.367s][info][gc,cpu      ] GC(84) User=0.00s Sys=0.00s Real=0.00s
[153.367s][info][gc,marking  ] GC(84) Concurrent Clear Claimed Marks
[153.367s][info][gc,marking  ] GC(84) Concurrent Clear Claimed Marks 0.091ms
[153.367s][info][gc,marking  ] GC(84) Concurrent Cleanup for Next Mark
[153.367s][info][gc,marking  ] GC(84) Concurrent Cleanup for Next Mark 0.419ms
[153.367s][info][gc          ] GC(84) Concurrent Mark Cycle 48.931ms
[156.478s][info][gc,start    ] GC(85) Pause Young (Prepare Mixed) (G1 Evacuation Pause)
[156.478s][info][gc,task     ] GC(85) Using 5 workers of 8 for evacuation
[156.481s][info][gc,phases   ] GC(85)   Pre Evacuate Collection Set: 0.1ms
[156.481s][info][gc,phases   ] GC(85)   Merge Heap Roots: 0.1ms
[156.481s][info][gc,phases   ] GC(85)   Evacuate Collection Set: 2.1ms
[156.481s][info][gc,phases   ] GC(85)   Post Evacuate Collection Set: 0.4ms
[156.481s][info][gc,phases   ] GC(85)   Other: 0.1ms
[156.481s][info][gc,heap     ] GC(85) Eden regions: 73->0(73)
[156.481s][info][gc,heap     ] GC(85) Survivor regions: 1->1(10)
[156.481s][info][gc,heap     ] GC(85) Old regions: 14->14
[156.481s][info][gc,heap     ] GC(85) Humongous regions: 24->24
[156.481s][info][gc,metaspace] GC(85) Metaspace: 54502K(55552K)->54502K(55552K) NonClass: 47834K(48384K)->47834K(48384K) Class: 6668K(7168K)->6668K(7168K)
[156.481s][info][gc          ] GC(85) Pause Young (Prepare Mixed) (G1 Evacuation Pause) 221M->75M(248M) 2.937ms
[156.481s][info][gc,cpu      ] GC(85) User=0.00s Sys=0.00s Real=0.00s
[161.516s][info][gc,start    ] GC(86) Pause Young (Mixed) (G1 Evacuation Pause)
[161.516s][info][gc,task     ] GC(86) Using 5 workers of 8 for evacuation
[161.524s][info][gc,phases   ] GC(86)   Pre Evacuate Collection Set: 0.1ms
[161.524s][info][gc,phases   ] GC(86)   Merge Heap Roots: 0.1ms
[161.524s][info][gc,phases   ] GC(86)   Evacuate Collection Set: 6.8ms
[161.524s][info][gc,phases   ] GC(86)   Post Evacuate Collection Set: 0.7ms
[161.524s][info][gc,phases   ] GC(86)   Other: 0.1ms
[161.524s][info][gc,heap     ] GC(86) Eden regions: 73->0(73)
[161.524s][info][gc,heap     ] GC(86) Survivor regions: 1->1(10)
[161.524s][info][gc,heap     ] GC(86) Old regions: 14->14
[161.524s][info][gc,heap     ] GC(86) Humongous regions: 24->24
[161.524s][info][gc,metaspace] GC(86) Metaspace: 54508K(55552K)->54508K(55552K) NonClass: 47839K(48384K)->47839K(48384K) Class: 6669K(7168K)->6669K(7168K)
[161.524s][info][gc          ] GC(86) Pause Young (Mixed) (G1 Evacuation Pause) 221M->75M(248M) 8.293ms
[161.524s][info][gc,cpu      ] GC(86) User=0.00s Sys=0.00s Real=0.01s
[201.692s][info][gc,heap,exit] Heap
[201.693s][info][gc,heap,exit]  garbage-first heap   total 253952K, used 128252K [0x0000000704400000, 0x0000000800000000)
[201.693s][info][gc,heap,exit]   region size 2048K, 26 young (53248K), 1 survivors (2048K)
[201.693s][info][gc,heap,exit]  Metaspace       used 54764K, committed 55680K, reserved 1114112K
[201.693s][info][gc,heap,exit]   class space    used 6708K, committed 7168K, reserved 1048576K
